#
# There is insufficient memory for the Java Runtime Environment to continue.
# Native memory allocation (mmap) failed to map 65536 bytes. Error detail: Failed to commit metaspace.
# Possible reasons:
#   The system is out of physical RAM or swap space
#   This process is running with CompressedOops enabled, and the Java Heap may be blocking the growth of the native heap
# Possible solutions:
#   Reduce memory load on the system
#   Increase physical memory or swap space
#   Check if swap backing store is full
#   Decrease Java heap size (-Xmx/-Xms)
#   Decrease number of Java threads
#   Decrease Java thread stack sizes (-Xss)
#   Set larger code cache with -XX:ReservedCodeCacheSize=
#   JVM is running with Zero Based Compressed Oops mode in which the Java heap is
#     placed in the first 32GB address space. The Java Heap base address is the
#     maximum limit for the native heap growth. Please use -XX:HeapBaseMinAddress
#     to set the Java Heap base and to place the Java Heap above 32GB virtual address.
# This output file may be truncated or incomplete.
#
#  Out of Memory Error (virtualSpaceNode.cpp:112), pid=17048, tid=12140
#
# JRE version: OpenJDK Runtime Environment (22.0.2+9) (build 22.0.2+9-70)
# Java VM: OpenJDK 64-Bit Server VM (22.0.2+9-70, mixed mode, emulated-client, sharing, tiered, compressed oops, compressed class ptrs, g1 gc, windows-amd64)
# No core dump will be written. Minidumps are not enabled by default on client versions of Windows
#

---------------  S U M M A R Y ------------

Command Line: -XX:TieredStopAtLevel=1 -Dspring.output.ansi.enabled=always -Dcom.sun.management.jmxremote -Dspring.jmx.enabled=true -Dspring.liveBeansView.mbeanDomain -Dspring.application.admin.enabled=true -Dmanagement.endpoints.jmx.exposure.include=* -javaagent:C:\Users\user\AppData\Local\Programs\IntelliJ IDEA Ultimate 2025.1.3\lib\idea_rt.jar=53324 -Dfile.encoding=UTF-8 -Dsun.stdout.encoding=UTF-8 -Dsun.stderr.encoding=UTF-8 medicalcenter.userservice.UserServiceApplication

Host: AMD Ryzen 5 5500U with Radeon Graphics         , 12 cores, 15G,  Windows 10 , 64 bit Build 19041 (10.0.19041.5915)
Time: Tue Sep 16 21:12:11 2025 RTZ 2 (s 10 , 64 bit Build 19041 (10.0.19041.5915) elapsed time: 0.418852 seconds (0d 0h 0m 0s)

---------------  T H R E A D  ---------------

Current thread (0x0000026dd5dbe050):  JavaThread "Attach Listener" daemon [_thread_in_vm, id=12140, stack(0x000000af6e300000,0x000000af6e400000) (1024K)]

Stack: [0x000000af6e300000,0x000000af6e400000]
Native frames: (J=compiled Java code, j=interpreted, Vv=VM code, C=native code)
V  [jvm.dll+0x6e26e9]  (no source info available)
V  [jvm.dll+0x875753]  (no source info available)
V  [jvm.dll+0x877b7e]  (no source info available)
V  [jvm.dll+0x878253]  (no source info available)
V  [jvm.dll+0x27fc86]  (no source info available)
V  [jvm.dll+0x87139e]  (no source info available)
V  [jvm.dll+0x685755]  (no source info available)
V  [jvm.dll+0x6857ba]  (no source info available)
V  [jvm.dll+0x687ffa]  (no source info available)
V  [jvm.dll+0x224f6c]  (no source info available)
V  [jvm.dll+0x68616e]  (no source info available)
V  [jvm.dll+0x27c9ed]  (no source info available)
V  [jvm.dll+0x27cdb1]  (no source info available)
V  [jvm.dll+0x73ae8f]  (no source info available)
V  [jvm.dll+0x73bc7f]  (no source info available)
V  [jvm.dll+0x3c8e5f]  (no source info available)
V  [jvm.dll+0x3c7c5c]  (no source info available)
V  [jvm.dll+0x3c7bf8]  (no source info available)
V  [jvm.dll+0x3d9eea]  (no source info available)
C  0x0000026dcb308f14  (no source info available)

The last pc belongs to new (printed below).
Java frames: (J=compiled Java code, j=interpreted, Vv=VM code)
j  java.io.ObjectStreamClass.<init>(Ljava/lang/Class;)V+102 java.base@22.0.2
j  java.io.ObjectStreamClass$Caches$1.computeValue(Ljava/lang/Class;)Ljava/io/ObjectStreamClass;+5 java.base@22.0.2
j  java.io.ObjectStreamClass$Caches$1.computeValue(Ljava/lang/Class;)Ljava/lang/Object;+2 java.base@22.0.2
j  java.io.ClassCache$1.computeValue(Ljava/lang/Class;)Ljava/io/ClassCache$CacheRef;+5 java.base@22.0.2
j  java.io.ClassCache$1.computeValue(Ljava/lang/Class;)Ljava/lang/Object;+2 java.base@22.0.2
j  java.lang.ClassValue.getFromHashMap(Ljava/lang/Class;)Ljava/lang/Object;+29 java.base@22.0.2
j  java.lang.ClassValue.getFromBackup([Ljava/lang/ClassValue$Entry;Ljava/lang/Class;)Ljava/lang/Object;+17 java.base@22.0.2
j  java.lang.ClassValue.get(Ljava/lang/Class;)Ljava/lang/Object;+27 java.base@22.0.2
j  java.io.ClassCache.get(Ljava/lang/Class;)Ljava/lang/Object;+9 java.base@22.0.2
j  java.io.ObjectStreamClass.lookup(Ljava/lang/Class;Z)Ljava/io/ObjectStreamClass;+19 java.base@22.0.2
j  java.io.ObjectStreamClass.<init>(Ljava/lang/Class;)V+80 java.base@22.0.2
j  java.io.ObjectStreamClass$Caches$1.computeValue(Ljava/lang/Class;)Ljava/io/ObjectStreamClass;+5 java.base@22.0.2
j  java.io.ObjectStreamClass$Caches$1.computeValue(Ljava/lang/Class;)Ljava/lang/Object;+2 java.base@22.0.2
j  java.io.ClassCache$1.computeValue(Ljava/lang/Class;)Ljava/io/ClassCache$CacheRef;+5 java.base@22.0.2
j  java.io.ClassCache$1.computeValue(Ljava/lang/Class;)Ljava/lang/Object;+2 java.base@22.0.2
j  java.lang.ClassValue.getFromHashMap(Ljava/lang/Class;)Ljava/lang/Object;+29 java.base@22.0.2
j  java.lang.ClassValue.getFromBackup([Ljava/lang/ClassValue$Entry;Ljava/lang/Class;)Ljava/lang/Object;+17 java.base@22.0.2
j  java.lang.ClassValue.get(Ljava/lang/Class;)Ljava/lang/Object;+27 java.base@22.0.2
j  java.io.ClassCache.get(Ljava/lang/Class;)Ljava/lang/Object;+9 java.base@22.0.2
j  java.io.ObjectStreamClass.lookup(Ljava/lang/Class;Z)Ljava/io/ObjectStreamClass;+19 java.base@22.0.2
j  java.io.ObjectStreamClass.<init>(Ljava/lang/Class;)V+80 java.base@22.0.2
j  java.io.ObjectStreamClass$Caches$1.computeValue(Ljava/lang/Class;)Ljava/io/ObjectStreamClass;+5 java.base@22.0.2
j  java.io.ObjectStreamClass$Caches$1.computeValue(Ljava/lang/Class;)Ljava/lang/Object;+2 java.base@22.0.2
j  java.io.ClassCache$1.computeValue(Ljava/lang/Class;)Ljava/io/ClassCache$CacheRef;+5 java.base@22.0.2
j  java.io.ClassCache$1.computeValue(Ljava/lang/Class;)Ljava/lang/Object;+2 java.base@22.0.2
j  java.lang.ClassValue.getFromHashMap(Ljava/lang/Class;)Ljava/lang/Object;+29 java.base@22.0.2
j  java.lang.ClassValue.getFromBackup([Ljava/lang/ClassValue$Entry;Ljava/lang/Class;)Ljava/lang/Object;+17 java.base@22.0.2
j  java.lang.ClassValue.get(Ljava/lang/Class;)Ljava/lang/Object;+27 java.base@22.0.2
j  java.io.ClassCache.get(Ljava/lang/Class;)Ljava/lang/Object;+9 java.base@22.0.2
j  java.io.ObjectStreamClass.lookup(Ljava/lang/Class;Z)Ljava/io/ObjectStreamClass;+19 java.base@22.0.2
j  java.io.ObjectOutputStream.writeObject0(Ljava/lang/Object;Z)V+185 java.base@22.0.2
j  java.io.ObjectOutputStream.writeObject(Ljava/lang/Object;)V+16 java.base@22.0.2
j  javax.management.remote.rmi.RMIConnectorServer.encodeJRMPStub(Ljavax/management/remote/rmi/RMIServer;Ljava/util/Map;)Ljava/lang/String;+19 java.management.rmi@22.0.2
j  javax.management.remote.rmi.RMIConnectorServer.encodeStub(Ljavax/management/remote/rmi/RMIServer;Ljava/util/Map;)Ljava/lang/String;+2 java.management.rmi@22.0.2
j  javax.management.remote.rmi.RMIConnectorServer.encodeStubInAddress(Ljavax/management/remote/rmi/RMIServer;Ljava/util/Map;)V+64 java.management.rmi@22.0.2
j  javax.management.remote.rmi.RMIConnectorServer.start()V+460 java.management.rmi@22.0.2
j  sun.management.jmxremote.ConnectorBootstrap.startLocalConnectorServer()Ljavax/management/remote/JMXConnectorServer;+290 jdk.management.agent@22.0.2
j  jdk.internal.agent.Agent.startLocalManagementAgent()V+13 jdk.management.agent@22.0.2
v  ~StubRoutines::call_stub 0x0000026dcb2f100d
new  187 new  [0x0000026dcb308d80, 0x0000026dcb308f88]  520 bytes
[MachCode]
  0x0000026dcb308d80: 4883 ec08 | c5fa 1104 | 24eb 1f48 | 83ec 10c5 | fb11 0424 | eb14 4883 | ec10 4889 | 0424 48c7 
  0x0000026dcb308da0: 4424 0800 | 0000 00eb | 0150 410f | b755 010f | cac1 ea10 | 488b 4de8 | 488b 4908 | 488b 4908 
  0x0000026dcb308dc0: 488b 4108 | 807c 1004 | 070f 85d3 | 0000 0066 | 8b54 d148 | 488b 4928 | 488b 4cd1 | 0851 80b9 
  0x0000026dcb308de0: 2001 0000 | 050f 85b6 | 0000 008b | 5108 f6c2 | 010f 85aa | 0000 0049 | 8b87 b801 | 0000 488d 
  0x0000026dcb308e00: 1c10 493b | 9fc8 0100 | 000f 8792 | 0000 0049 | 899f b801 | 0000 4883 | ea10 0f84 | 0f00 0000 
  0x0000026dcb308e20: 33c9 c1ea | 0348 894c | d008 48ff | ca75 f648 | c700 0100 | 0000 5933 | f689 700c | 49ba 0000 
  0x0000026dcb308e40: 00d6 6d02 | 0000 492b | ca89 4808 | 49ba 6d40 | 835c f97f | 0000 4180 | 3a00 0f84 | 3c00 0000 
  0x0000026dcb308e60: 5048 8bc8 | 4883 ec20 | 40f6 c40f | 0f84 1900 | 0000 4883 | ec08 48b8 | c0b9 335c | f97f 0000 
  0x0000026dcb308e80: ffd0 4883 | c408 e90c | 0000 0048 | b8c0 b933 | 5cf9 7f00 | 00ff d048 | 83c4 2058 | e9cb 0000 
  0x0000026dcb308ea0: 0059 488b | 55e8 488b | 5208 488b | 5208 450f | b745 0141 | 0fc8 41c1 | e810 e805 | 0000 00e9 
  0x0000026dcb308ec0: a800 0000 | 488d 4424 | 084c 896d | c049 8bcf | c5f8 7749 | 89af b003 | 0000 4989 | 87a0 0300 
  0x0000026dcb308ee0: 0048 83ec | 2040 f6c4 | 0f0f 8419 | 0000 0048 | 83ec 0848 | b860 9efc | 5bf9 7f00 | 00ff d048 
  0x0000026dcb308f00: 83c4 08e9 | 0c00 0000 | 48b8 609e | fc5b f97f | 0000 ffd0 | 4883 c420 | 49c7 87a0 | 0300 0000 
  0x0000026dcb308f20: 0000 0049 | c787 b003 | 0000 0000 | 0000 49c7 | 87a8 0300 | 0000 0000 | 00c5 f877 | 4983 7f08 
  0x0000026dcb308f40: 000f 8405 | 0000 00e9 | b47f feff | 498b 87f8 | 0300 0049 | c787 f803 | 0000 0000 | 0000 4c8b 
  0x0000026dcb308f60: 6dc0 4c8b | 75c8 4e8d | 74f5 00c3 | 410f b65d | 0349 83c5 | 0349 ba30 | 0987 5cf9 | 7f00 0041 
  0x0000026dcb308f80: ff24 da0f | 1f44 0000 
[/MachCode]

---------------  P R O C E S S  ---------------

Threads class SMR info:
_java_thread_list=0x0000026e1b67fba0, length=15, elements={
0x0000026dc2fae1a0, 0x0000026dd5db5eb0, 0x0000026dd5dbafe0, 0x0000026dd5dbc120,
0x0000026dd5dbe050, 0x0000026dd5dbeab0, 0x0000026dd5dc9530, 0x0000026dd5dd7650,
0x0000026e1b1f21f0, 0x0000026e1b1f4870, 0x0000026e1b1f9b70, 0x0000026e1b35b140,
0x0000026e1b5db5e0, 0x0000026e1b5dc060, 0x0000026e1b7efaa0
}

Java Threads: ( => current thread )
  0x0000026dc2fae1a0 JavaThread "main"                              [_thread_blocked, id=19264, stack(0x000000af6d800000,0x000000af6d900000) (1024K)]
  0x0000026dd5db5eb0 JavaThread "Reference Handler"          daemon [_thread_blocked, id=12176, stack(0x000000af6e000000,0x000000af6e100000) (1024K)]
  0x0000026dd5dbafe0 JavaThread "Finalizer"                  daemon [_thread_blocked, id=8008, stack(0x000000af6e100000,0x000000af6e200000) (1024K)]
  0x0000026dd5dbc120 JavaThread "Signal Dispatcher"          daemon [_thread_blocked, id=18156, stack(0x000000af6e200000,0x000000af6e300000) (1024K)]
=>0x0000026dd5dbe050 JavaThread "Attach Listener"            daemon [_thread_in_vm, id=12140, stack(0x000000af6e300000,0x000000af6e400000) (1024K)]
  0x0000026dd5dbeab0 JavaThread "Service Thread"             daemon [_thread_blocked, id=18756, stack(0x000000af6e400000,0x000000af6e500000) (1024K)]
  0x0000026dd5dc9530 JavaThread "Monitor Deflation Thread"   daemon [_thread_blocked, id=18248, stack(0x000000af6e500000,0x000000af6e600000) (1024K)]
  0x0000026dd5dd7650 JavaThread "C1 CompilerThread0"         daemon [_thread_blocked, id=19160, stack(0x000000af6e600000,0x000000af6e700000) (1024K)]
  0x0000026e1b1f21f0 JavaThread "Common-Cleaner"             daemon [_thread_blocked, id=2720, stack(0x000000af6e700000,0x000000af6e800000) (1024K)]
  0x0000026e1b1f4870 JavaThread "C1 CompilerThread1"         daemon [_thread_blocked, id=10840, stack(0x000000af6e800000,0x000000af6e900000) (1024K)]
  0x0000026e1b1f9b70 JavaThread "C1 CompilerThread2"         daemon [_thread_blocked, id=13592, stack(0x000000af6e900000,0x000000af6ea00000) (1024K)]
  0x0000026e1b35b140 JavaThread "C1 CompilerThread3"         daemon [_thread_blocked, id=5676, stack(0x000000af6ea00000,0x000000af6eb00000) (1024K)]
  0x0000026e1b5db5e0 JavaThread "Monitor Ctrl-Break"         daemon [_thread_in_native, id=8360, stack(0x000000af6eb00000,0x000000af6ec00000) (1024K)]
  0x0000026e1b5dc060 JavaThread "Notification Thread"        daemon [_thread_blocked, id=4572, stack(0x000000af6ec00000,0x000000af6ed00000) (1024K)]
  0x0000026e1b7efaa0 JavaThread "RMI TCP Accept-0"           daemon [_thread_in_native, id=5316, stack(0x000000af6ed00000,0x000000af6ee00000) (1024K)]
Total: 15

Other Threads:
  0x0000026dd5d9daf0 VMThread "VM Thread"                           [id=10888, stack(0x000000af6df00000,0x000000af6e000000) (1024K)]
  0x0000026dd5d86c50 WatcherThread "VM Periodic Task Thread"        [id=11652, stack(0x000000af6de00000,0x000000af6df00000) (1024K)]
  0x0000026dc30145b0 WorkerThread "GC Thread#0"                     [id=18812, stack(0x000000af6d900000,0x000000af6da00000) (1024K)]
  0x0000026dc3042d60 ConcurrentGCThread "G1 Main Marker"            [id=5748, stack(0x000000af6da00000,0x000000af6db00000) (1024K)]
  0x0000026dc3044ea0 WorkerThread "G1 Conc#0"                       [id=19308, stack(0x000000af6db00000,0x000000af6dc00000) (1024K)]
  0x0000026dd5c5c990 ConcurrentGCThread "G1 Refine#0"               [id=17912, stack(0x000000af6dc00000,0x000000af6dd00000) (1024K)]
  0x0000026dd5c5d1c0 ConcurrentGCThread "G1 Service"                [id=18900, stack(0x000000af6dd00000,0x000000af6de00000) (1024K)]
Total: 7

Threads with active compile tasks:
Total: 0

VM state: not at safepoint (normal execution)

VM Mutex/Monitor currently owned by a thread:  ([mutex/lock_event])
[0x00007ff95c85ab00] Metaspace_lock - owner thread: 0x0000026dd5dbe050

Heap address: 0x000000070ac00000, size: 3924 MB, Compressed Oops mode: Zero based, Oop shift amount: 3

CDS archive(s) mapped at: [0x0000026dd6000000-0x0000026dd6c60000-0x0000026dd6c60000), size 12976128, SharedBaseAddress: 0x0000026dd6000000, ArchiveRelocationMode: 1.
Compressed class space mapped at: 0x0000026dd7000000-0x0000026e17000000, reserved size: 1073741824
Narrow klass base: 0x0000026dd6000000, Narrow klass shift: 0, Narrow klass range: 0x41000000

GC Precious Log:
 CardTable entry size: 512
 Card Set container configuration: InlinePtr #cards 4 size 8 Array Of Cards #cards 16 size 48 Howl #buckets 8 coarsen threshold 3686 Howl Bitmap #cards 512 size 80 coarsen threshold 460 Card regions per heap region 1 cards per card region 4096
 CPUs: 12 total, 12 available
 Memory: 15693M
 Large Page Support: Disabled
 NUMA Support: Disabled
 Compressed Oops: Enabled (Zero based)
 Heap Region Size: 2M
 Heap Min Capacity: 8M
 Heap Initial Capacity: 246M
 Heap Max Capacity: 3924M
 Pre-touch: Disabled
 Parallel Workers: 10
 Concurrent Workers: 3
 Concurrent Refinement Workers: 10
 Periodic GC: Disabled

Heap:
 garbage-first heap   total reserved 4018176K, committed 251904K, used 16384K [0x000000070ac00000, 0x0000000800000000)
  region size 2048K, 9 young (18432K), 0 survivors (0K)
 Metaspace       used 4816K, committed 4992K, reserved 1114112K
  class space    used 579K, committed 704K, reserved 1048576K

Heap Regions: E=young(eden), S=young(survivor), O=old, HS=humongous(starts), HC=humongous(continues), CS=collection set, F=free, TAMS=top-at-mark-start, PB=parsable bottom
|   0|0x000000070ac00000, 0x000000070ac00000, 0x000000070ae00000|  0%| F|  |TAMS 0x000000070ac00000| PB 0x000000070ac00000| Untracked |  0
|   1|0x000000070ae00000, 0x000000070ae00000, 0x000000070b000000|  0%| F|  |TAMS 0x000000070ae00000| PB 0x000000070ae00000| Untracked |  0
|   2|0x000000070b000000, 0x000000070b000000, 0x000000070b200000|  0%| F|  |TAMS 0x000000070b000000| PB 0x000000070b000000| Untracked |  0
|   3|0x000000070b200000, 0x000000070b200000, 0x000000070b400000|  0%| F|  |TAMS 0x000000070b200000| PB 0x000000070b200000| Untracked |  0
|   4|0x000000070b400000, 0x000000070b400000, 0x000000070b600000|  0%| F|  |TAMS 0x000000070b400000| PB 0x000000070b400000| Untracked |  0
|   5|0x000000070b600000, 0x000000070b600000, 0x000000070b800000|  0%| F|  |TAMS 0x000000070b600000| PB 0x000000070b600000| Untracked |  0
|   6|0x000000070b800000, 0x000000070b800000, 0x000000070ba00000|  0%| F|  |TAMS 0x000000070b800000| PB 0x000000070b800000| Untracked |  0
|   7|0x000000070ba00000, 0x000000070ba00000, 0x000000070bc00000|  0%| F|  |TAMS 0x000000070ba00000| PB 0x000000070ba00000| Untracked |  0
|   8|0x000000070bc00000, 0x000000070bc00000, 0x000000070be00000|  0%| F|  |TAMS 0x000000070bc00000| PB 0x000000070bc00000| Untracked |  0
|   9|0x000000070be00000, 0x000000070be00000, 0x000000070c000000|  0%| F|  |TAMS 0x000000070be00000| PB 0x000000070be00000| Untracked |  0
|  10|0x000000070c000000, 0x000000070c000000, 0x000000070c200000|  0%| F|  |TAMS 0x000000070c000000| PB 0x000000070c000000| Untracked |  0
|  11|0x000000070c200000, 0x000000070c200000, 0x000000070c400000|  0%| F|  |TAMS 0x000000070c200000| PB 0x000000070c200000| Untracked |  0
|  12|0x000000070c400000, 0x000000070c400000, 0x000000070c600000|  0%| F|  |TAMS 0x000000070c400000| PB 0x000000070c400000| Untracked |  0
|  13|0x000000070c600000, 0x000000070c600000, 0x000000070c800000|  0%| F|  |TAMS 0x000000070c600000| PB 0x000000070c600000| Untracked |  0
|  14|0x000000070c800000, 0x000000070c800000, 0x000000070ca00000|  0%| F|  |TAMS 0x000000070c800000| PB 0x000000070c800000| Untracked |  0
|  15|0x000000070ca00000, 0x000000070ca00000, 0x000000070cc00000|  0%| F|  |TAMS 0x000000070ca00000| PB 0x000000070ca00000| Untracked |  0
|  16|0x000000070cc00000, 0x000000070cc00000, 0x000000070ce00000|  0%| F|  |TAMS 0x000000070cc00000| PB 0x000000070cc00000| Untracked |  0
|  17|0x000000070ce00000, 0x000000070ce00000, 0x000000070d000000|  0%| F|  |TAMS 0x000000070ce00000| PB 0x000000070ce00000| Untracked |  0
|  18|0x000000070d000000, 0x000000070d000000, 0x000000070d200000|  0%| F|  |TAMS 0x000000070d000000| PB 0x000000070d000000| Untracked |  0
|  19|0x000000070d200000, 0x000000070d200000, 0x000000070d400000|  0%| F|  |TAMS 0x000000070d200000| PB 0x000000070d200000| Untracked |  0
|  20|0x000000070d400000, 0x000000070d400000, 0x000000070d600000|  0%| F|  |TAMS 0x000000070d400000| PB 0x000000070d400000| Untracked |  0
|  21|0x000000070d600000, 0x000000070d600000, 0x000000070d800000|  0%| F|  |TAMS 0x000000070d600000| PB 0x000000070d600000| Untracked |  0
|  22|0x000000070d800000, 0x000000070d800000, 0x000000070da00000|  0%| F|  |TAMS 0x000000070d800000| PB 0x000000070d800000| Untracked |  0
|  23|0x000000070da00000, 0x000000070da00000, 0x000000070dc00000|  0%| F|  |TAMS 0x000000070da00000| PB 0x000000070da00000| Untracked |  0
|  24|0x000000070dc00000, 0x000000070dc00000, 0x000000070de00000|  0%| F|  |TAMS 0x000000070dc00000| PB 0x000000070dc00000| Untracked |  0
|  25|0x000000070de00000, 0x000000070de00000, 0x000000070e000000|  0%| F|  |TAMS 0x000000070de00000| PB 0x000000070de00000| Untracked |  0
|  26|0x000000070e000000, 0x000000070e000000, 0x000000070e200000|  0%| F|  |TAMS 0x000000070e000000| PB 0x000000070e000000| Untracked |  0
|  27|0x000000070e200000, 0x000000070e200000, 0x000000070e400000|  0%| F|  |TAMS 0x000000070e200000| PB 0x000000070e200000| Untracked |  0
|  28|0x000000070e400000, 0x000000070e400000, 0x000000070e600000|  0%| F|  |TAMS 0x000000070e400000| PB 0x000000070e400000| Untracked |  0
|  29|0x000000070e600000, 0x000000070e600000, 0x000000070e800000|  0%| F|  |TAMS 0x000000070e600000| PB 0x000000070e600000| Untracked |  0
|  30|0x000000070e800000, 0x000000070e800000, 0x000000070ea00000|  0%| F|  |TAMS 0x000000070e800000| PB 0x000000070e800000| Untracked |  0
|  31|0x000000070ea00000, 0x000000070ea00000, 0x000000070ec00000|  0%| F|  |TAMS 0x000000070ea00000| PB 0x000000070ea00000| Untracked |  0
|  32|0x000000070ec00000, 0x000000070ec00000, 0x000000070ee00000|  0%| F|  |TAMS 0x000000070ec00000| PB 0x000000070ec00000| Untracked |  0
|  33|0x000000070ee00000, 0x000000070ee00000, 0x000000070f000000|  0%| F|  |TAMS 0x000000070ee00000| PB 0x000000070ee00000| Untracked |  0
|  34|0x000000070f000000, 0x000000070f000000, 0x000000070f200000|  0%| F|  |TAMS 0x000000070f000000| PB 0x000000070f000000| Untracked |  0
|  35|0x000000070f200000, 0x000000070f200000, 0x000000070f400000|  0%| F|  |TAMS 0x000000070f200000| PB 0x000000070f200000| Untracked |  0
|  36|0x000000070f400000, 0x000000070f400000, 0x000000070f600000|  0%| F|  |TAMS 0x000000070f400000| PB 0x000000070f400000| Untracked |  0
|  37|0x000000070f600000, 0x000000070f600000, 0x000000070f800000|  0%| F|  |TAMS 0x000000070f600000| PB 0x000000070f600000| Untracked |  0
|  38|0x000000070f800000, 0x000000070f800000, 0x000000070fa00000|  0%| F|  |TAMS 0x000000070f800000| PB 0x000000070f800000| Untracked |  0
|  39|0x000000070fa00000, 0x000000070fa00000, 0x000000070fc00000|  0%| F|  |TAMS 0x000000070fa00000| PB 0x000000070fa00000| Untracked |  0
|  40|0x000000070fc00000, 0x000000070fc00000, 0x000000070fe00000|  0%| F|  |TAMS 0x000000070fc00000| PB 0x000000070fc00000| Untracked |  0
|  41|0x000000070fe00000, 0x000000070fe00000, 0x0000000710000000|  0%| F|  |TAMS 0x000000070fe00000| PB 0x000000070fe00000| Untracked |  0
|  42|0x0000000710000000, 0x0000000710000000, 0x0000000710200000|  0%| F|  |TAMS 0x0000000710000000| PB 0x0000000710000000| Untracked |  0
|  43|0x0000000710200000, 0x0000000710200000, 0x0000000710400000|  0%| F|  |TAMS 0x0000000710200000| PB 0x0000000710200000| Untracked |  0
|  44|0x0000000710400000, 0x0000000710400000, 0x0000000710600000|  0%| F|  |TAMS 0x0000000710400000| PB 0x0000000710400000| Untracked |  0
|  45|0x0000000710600000, 0x0000000710600000, 0x0000000710800000|  0%| F|  |TAMS 0x0000000710600000| PB 0x0000000710600000| Untracked |  0
|  46|0x0000000710800000, 0x0000000710800000, 0x0000000710a00000|  0%| F|  |TAMS 0x0000000710800000| PB 0x0000000710800000| Untracked |  0
|  47|0x0000000710a00000, 0x0000000710a00000, 0x0000000710c00000|  0%| F|  |TAMS 0x0000000710a00000| PB 0x0000000710a00000| Untracked |  0
|  48|0x0000000710c00000, 0x0000000710c00000, 0x0000000710e00000|  0%| F|  |TAMS 0x0000000710c00000| PB 0x0000000710c00000| Untracked |  0
|  49|0x0000000710e00000, 0x0000000710e00000, 0x0000000711000000|  0%| F|  |TAMS 0x0000000710e00000| PB 0x0000000710e00000| Untracked |  0
|  50|0x0000000711000000, 0x0000000711000000, 0x0000000711200000|  0%| F|  |TAMS 0x0000000711000000| PB 0x0000000711000000| Untracked |  0
|  51|0x0000000711200000, 0x0000000711200000, 0x0000000711400000|  0%| F|  |TAMS 0x0000000711200000| PB 0x0000000711200000| Untracked |  0
|  52|0x0000000711400000, 0x0000000711400000, 0x0000000711600000|  0%| F|  |TAMS 0x0000000711400000| PB 0x0000000711400000| Untracked |  0
|  53|0x0000000711600000, 0x0000000711600000, 0x0000000711800000|  0%| F|  |TAMS 0x0000000711600000| PB 0x0000000711600000| Untracked |  0
|  54|0x0000000711800000, 0x0000000711800000, 0x0000000711a00000|  0%| F|  |TAMS 0x0000000711800000| PB 0x0000000711800000| Untracked |  0
|  55|0x0000000711a00000, 0x0000000711a00000, 0x0000000711c00000|  0%| F|  |TAMS 0x0000000711a00000| PB 0x0000000711a00000| Untracked |  0
|  56|0x0000000711c00000, 0x0000000711c00000, 0x0000000711e00000|  0%| F|  |TAMS 0x0000000711c00000| PB 0x0000000711c00000| Untracked |  0
|  57|0x0000000711e00000, 0x0000000711e00000, 0x0000000712000000|  0%| F|  |TAMS 0x0000000711e00000| PB 0x0000000711e00000| Untracked |  0
|  58|0x0000000712000000, 0x0000000712000000, 0x0000000712200000|  0%| F|  |TAMS 0x0000000712000000| PB 0x0000000712000000| Untracked |  0
|  59|0x0000000712200000, 0x0000000712200000, 0x0000000712400000|  0%| F|  |TAMS 0x0000000712200000| PB 0x0000000712200000| Untracked |  0
|  60|0x0000000712400000, 0x0000000712400000, 0x0000000712600000|  0%| F|  |TAMS 0x0000000712400000| PB 0x0000000712400000| Untracked |  0
|  61|0x0000000712600000, 0x0000000712600000, 0x0000000712800000|  0%| F|  |TAMS 0x0000000712600000| PB 0x0000000712600000| Untracked |  0
|  62|0x0000000712800000, 0x0000000712800000, 0x0000000712a00000|  0%| F|  |TAMS 0x0000000712800000| PB 0x0000000712800000| Untracked |  0
|  63|0x0000000712a00000, 0x0000000712a00000, 0x0000000712c00000|  0%| F|  |TAMS 0x0000000712a00000| PB 0x0000000712a00000| Untracked |  0
|  64|0x0000000712c00000, 0x0000000712c00000, 0x0000000712e00000|  0%| F|  |TAMS 0x0000000712c00000| PB 0x0000000712c00000| Untracked |  0
|  65|0x0000000712e00000, 0x0000000712e00000, 0x0000000713000000|  0%| F|  |TAMS 0x0000000712e00000| PB 0x0000000712e00000| Untracked |  0
|  66|0x0000000713000000, 0x0000000713000000, 0x0000000713200000|  0%| F|  |TAMS 0x0000000713000000| PB 0x0000000713000000| Untracked |  0
|  67|0x0000000713200000, 0x0000000713200000, 0x0000000713400000|  0%| F|  |TAMS 0x0000000713200000| PB 0x0000000713200000| Untracked |  0
|  68|0x0000000713400000, 0x0000000713400000, 0x0000000713600000|  0%| F|  |TAMS 0x0000000713400000| PB 0x0000000713400000| Untracked |  0
|  69|0x0000000713600000, 0x0000000713600000, 0x0000000713800000|  0%| F|  |TAMS 0x0000000713600000| PB 0x0000000713600000| Untracked |  0
|  70|0x0000000713800000, 0x0000000713800000, 0x0000000713a00000|  0%| F|  |TAMS 0x0000000713800000| PB 0x0000000713800000| Untracked |  0
|  71|0x0000000713a00000, 0x0000000713a00000, 0x0000000713c00000|  0%| F|  |TAMS 0x0000000713a00000| PB 0x0000000713a00000| Untracked |  0
|  72|0x0000000713c00000, 0x0000000713c00000, 0x0000000713e00000|  0%| F|  |TAMS 0x0000000713c00000| PB 0x0000000713c00000| Untracked |  0
|  73|0x0000000713e00000, 0x0000000713e00000, 0x0000000714000000|  0%| F|  |TAMS 0x0000000713e00000| PB 0x0000000713e00000| Untracked |  0
|  74|0x0000000714000000, 0x0000000714000000, 0x0000000714200000|  0%| F|  |TAMS 0x0000000714000000| PB 0x0000000714000000| Untracked |  0
|  75|0x0000000714200000, 0x0000000714200000, 0x0000000714400000|  0%| F|  |TAMS 0x0000000714200000| PB 0x0000000714200000| Untracked |  0
|  76|0x0000000714400000, 0x0000000714400000, 0x0000000714600000|  0%| F|  |TAMS 0x0000000714400000| PB 0x0000000714400000| Untracked |  0
|  77|0x0000000714600000, 0x0000000714600000, 0x0000000714800000|  0%| F|  |TAMS 0x0000000714600000| PB 0x0000000714600000| Untracked |  0
|  78|0x0000000714800000, 0x0000000714800000, 0x0000000714a00000|  0%| F|  |TAMS 0x0000000714800000| PB 0x0000000714800000| Untracked |  0
|  79|0x0000000714a00000, 0x0000000714a00000, 0x0000000714c00000|  0%| F|  |TAMS 0x0000000714a00000| PB 0x0000000714a00000| Untracked |  0
|  80|0x0000000714c00000, 0x0000000714c00000, 0x0000000714e00000|  0%| F|  |TAMS 0x0000000714c00000| PB 0x0000000714c00000| Untracked |  0
|  81|0x0000000714e00000, 0x0000000714e00000, 0x0000000715000000|  0%| F|  |TAMS 0x0000000714e00000| PB 0x0000000714e00000| Untracked |  0
|  82|0x0000000715000000, 0x0000000715000000, 0x0000000715200000|  0%| F|  |TAMS 0x0000000715000000| PB 0x0000000715000000| Untracked |  0
|  83|0x0000000715200000, 0x0000000715200000, 0x0000000715400000|  0%| F|  |TAMS 0x0000000715200000| PB 0x0000000715200000| Untracked |  0
|  84|0x0000000715400000, 0x0000000715400000, 0x0000000715600000|  0%| F|  |TAMS 0x0000000715400000| PB 0x0000000715400000| Untracked |  0
|  85|0x0000000715600000, 0x0000000715600000, 0x0000000715800000|  0%| F|  |TAMS 0x0000000715600000| PB 0x0000000715600000| Untracked |  0
|  86|0x0000000715800000, 0x0000000715800000, 0x0000000715a00000|  0%| F|  |TAMS 0x0000000715800000| PB 0x0000000715800000| Untracked |  0
|  87|0x0000000715a00000, 0x0000000715a00000, 0x0000000715c00000|  0%| F|  |TAMS 0x0000000715a00000| PB 0x0000000715a00000| Untracked |  0
|  88|0x0000000715c00000, 0x0000000715c00000, 0x0000000715e00000|  0%| F|  |TAMS 0x0000000715c00000| PB 0x0000000715c00000| Untracked |  0
|  89|0x0000000715e00000, 0x0000000715e00000, 0x0000000716000000|  0%| F|  |TAMS 0x0000000715e00000| PB 0x0000000715e00000| Untracked |  0
|  90|0x0000000716000000, 0x0000000716000000, 0x0000000716200000|  0%| F|  |TAMS 0x0000000716000000| PB 0x0000000716000000| Untracked |  0
|  91|0x0000000716200000, 0x0000000716200000, 0x0000000716400000|  0%| F|  |TAMS 0x0000000716200000| PB 0x0000000716200000| Untracked |  0
|  92|0x0000000716400000, 0x0000000716400000, 0x0000000716600000|  0%| F|  |TAMS 0x0000000716400000| PB 0x0000000716400000| Untracked |  0
|  93|0x0000000716600000, 0x0000000716600000, 0x0000000716800000|  0%| F|  |TAMS 0x0000000716600000| PB 0x0000000716600000| Untracked |  0
|  94|0x0000000716800000, 0x0000000716800000, 0x0000000716a00000|  0%| F|  |TAMS 0x0000000716800000| PB 0x0000000716800000| Untracked |  0
|  95|0x0000000716a00000, 0x0000000716a00000, 0x0000000716c00000|  0%| F|  |TAMS 0x0000000716a00000| PB 0x0000000716a00000| Untracked |  0
|  96|0x0000000716c00000, 0x0000000716c00000, 0x0000000716e00000|  0%| F|  |TAMS 0x0000000716c00000| PB 0x0000000716c00000| Untracked |  0
|  97|0x0000000716e00000, 0x0000000716e00000, 0x0000000717000000|  0%| F|  |TAMS 0x0000000716e00000| PB 0x0000000716e00000| Untracked |  0
|  98|0x0000000717000000, 0x0000000717000000, 0x0000000717200000|  0%| F|  |TAMS 0x0000000717000000| PB 0x0000000717000000| Untracked |  0
|  99|0x0000000717200000, 0x0000000717200000, 0x0000000717400000|  0%| F|  |TAMS 0x0000000717200000| PB 0x0000000717200000| Untracked |  0
| 100|0x0000000717400000, 0x0000000717400000, 0x0000000717600000|  0%| F|  |TAMS 0x0000000717400000| PB 0x0000000717400000| Untracked |  0
| 101|0x0000000717600000, 0x0000000717600000, 0x0000000717800000|  0%| F|  |TAMS 0x0000000717600000| PB 0x0000000717600000| Untracked |  0
| 102|0x0000000717800000, 0x0000000717800000, 0x0000000717a00000|  0%| F|  |TAMS 0x0000000717800000| PB 0x0000000717800000| Untracked |  0
| 103|0x0000000717a00000, 0x0000000717a00000, 0x0000000717c00000|  0%| F|  |TAMS 0x0000000717a00000| PB 0x0000000717a00000| Untracked |  0
| 104|0x0000000717c00000, 0x0000000717c00000, 0x0000000717e00000|  0%| F|  |TAMS 0x0000000717c00000| PB 0x0000000717c00000| Untracked |  0
| 105|0x0000000717e00000, 0x0000000717e00000, 0x0000000718000000|  0%| F|  |TAMS 0x0000000717e00000| PB 0x0000000717e00000| Untracked |  0
| 106|0x0000000718000000, 0x0000000718000000, 0x0000000718200000|  0%| F|  |TAMS 0x0000000718000000| PB 0x0000000718000000| Untracked |  0
| 107|0x0000000718200000, 0x0000000718200000, 0x0000000718400000|  0%| F|  |TAMS 0x0000000718200000| PB 0x0000000718200000| Untracked |  0
| 108|0x0000000718400000, 0x0000000718400000, 0x0000000718600000|  0%| F|  |TAMS 0x0000000718400000| PB 0x0000000718400000| Untracked |  0
| 109|0x0000000718600000, 0x0000000718600000, 0x0000000718800000|  0%| F|  |TAMS 0x0000000718600000| PB 0x0000000718600000| Untracked |  0
| 110|0x0000000718800000, 0x0000000718800000, 0x0000000718a00000|  0%| F|  |TAMS 0x0000000718800000| PB 0x0000000718800000| Untracked |  0
| 111|0x0000000718a00000, 0x0000000718a00000, 0x0000000718c00000|  0%| F|  |TAMS 0x0000000718a00000| PB 0x0000000718a00000| Untracked |  0
| 112|0x0000000718c00000, 0x0000000718c00000, 0x0000000718e00000|  0%| F|  |TAMS 0x0000000718c00000| PB 0x0000000718c00000| Untracked |  0
| 113|0x0000000718e00000, 0x0000000718e00000, 0x0000000719000000|  0%| F|  |TAMS 0x0000000718e00000| PB 0x0000000718e00000| Untracked |  0
| 114|0x0000000719000000, 0x00000007191eb8d8, 0x0000000719200000| 96%| E|  |TAMS 0x0000000719000000| PB 0x0000000719000000| Complete |  0
| 115|0x0000000719200000, 0x0000000719400000, 0x0000000719400000|100%| E|CS|TAMS 0x0000000719200000| PB 0x0000000719200000| Complete |  0
| 116|0x0000000719400000, 0x0000000719600000, 0x0000000719600000|100%| E|CS|TAMS 0x0000000719400000| PB 0x0000000719400000| Complete |  0
| 117|0x0000000719600000, 0x0000000719800000, 0x0000000719800000|100%| E|CS|TAMS 0x0000000719600000| PB 0x0000000719600000| Complete |  0
| 118|0x0000000719800000, 0x0000000719a00000, 0x0000000719a00000|100%| E|CS|TAMS 0x0000000719800000| PB 0x0000000719800000| Complete |  0
| 119|0x0000000719a00000, 0x0000000719c00000, 0x0000000719c00000|100%| E|CS|TAMS 0x0000000719a00000| PB 0x0000000719a00000| Complete |  0
| 120|0x0000000719c00000, 0x0000000719e00000, 0x0000000719e00000|100%| E|CS|TAMS 0x0000000719c00000| PB 0x0000000719c00000| Complete |  0
| 121|0x0000000719e00000, 0x000000071a000000, 0x000000071a000000|100%| E|CS|TAMS 0x0000000719e00000| PB 0x0000000719e00000| Complete |  0
| 122|0x000000071a000000, 0x000000071a200000, 0x000000071a200000|100%| E|CS|TAMS 0x000000071a000000| PB 0x000000071a000000| Complete |  0

Card table byte_map: [0x0000026dcedd0000,0x0000026dcf580000] _byte_map_base: 0x0000026dcb57a000

Marking Bits: (CMBitMap*) 0x0000026dc3016ae0
 Bits: [0x0000026dcf580000, 0x0000026dd32d0000)

Polling page: 0x0000026dc0f60000

Metaspace:

Usage:
  Non-class:      4.14 MB used.
      Class:    579.12 KB used.
       Both:      4.70 MB used.

Virtual space:
  Non-class space:       64.00 MB reserved,       4.19 MB (  7%) committed,  1 nodes.
      Class space:        1.00 GB reserved,     704.00 KB ( <1%) committed,  1 nodes.
             Both:        1.06 GB reserved,       4.88 MB ( <1%) committed. 

Chunk freelists:
   Non-Class:  10.88 MB
       Class:  15.25 MB
        Both:  26.13 MB

MaxMetaspaceSize: unlimited
CompressedClassSpaceSize: 1.00 GB
Initial GC threshold: 21.00 MB
Current GC threshold: 21.00 MB
CDS: on
 - commit_granule_bytes: 65536.
 - commit_granule_words: 8192.
 - virtual_space_node_default_size: 8388608.
 - enlarge_chunks_in_place: 1.
 - use_allocation_guard: 0.


Internal statistics:

num_allocs_failed_limit: 0.
num_arena_births: 106.
num_arena_deaths: 0.
num_vsnodes_births: 2.
num_vsnodes_deaths: 0.
num_space_committed: 78.
num_space_uncommitted: 0.
num_chunks_returned_to_freelist: 0.
num_chunks_taken_from_freelist: 119.
num_chunk_merges: 0.
num_chunk_splits: 83.
num_chunks_enlarged: 49.
num_inconsistent_stats: 0.

CodeCache: size=49152Kb used=4479Kb max_used=4479Kb free=44672Kb
 bounds [0x0000026dcb2f0000, 0x0000026dcb750000, 0x0000026dce2f0000]
 total_blobs=1593 nmethods=1130 adapters=385
 compilation: enabled
              stopped_count=0, restarted_count=0
 full_count=0

Compilation events (20 events):
Event: 0.403 Thread 0x0000026dd5dd7650 nmethod 1119 0x0000026dcb74bf10 code [0x0000026dcb74c0c0, 0x0000026dcb74c2b0]
Event: 0.403 Thread 0x0000026e1b1f4870 nmethod 1120 0x0000026dcb74c410 code [0x0000026dcb74c640, 0x0000026dcb74ca58]
Event: 0.404 Thread 0x0000026dd5dd7650 1121       1       java.lang.invoke.Invokers$Holder::linkToTargetMethod (9 bytes)
Event: 0.404 Thread 0x0000026e1b1f9b70 1122       1       java.util.Properties::getProperty (50 bytes)
Event: 0.404 Thread 0x0000026dd5dd7650 nmethod 1121 0x0000026dcb74cd10 code [0x0000026dcb74cec0, 0x0000026dcb74cfe8]
Event: 0.404 Thread 0x0000026e1b1f9b70 nmethod 1122 0x0000026dcb74d090 code [0x0000026dcb74d240, 0x0000026dcb74d430]
Event: 0.406 Thread 0x0000026dd5dd7650 1123       1       java.lang.invoke.MethodHandleNatives::refKindHasReceiver (33 bytes)
Event: 0.407 Thread 0x0000026dd5dd7650 nmethod 1123 0x0000026dcb74e390 code [0x0000026dcb74e520, 0x0000026dcb74e5d8]
Event: 0.407 Thread 0x0000026dd5dd7650 1124       1       java.lang.invoke.MethodHandleNatives::isPullModeBSM (2 bytes)
Event: 0.407 Thread 0x0000026e1b35b140 1125       1       java.lang.invoke.ConstantCallSite::getTarget (20 bytes)
Event: 0.407 Thread 0x0000026dd5dd7650 nmethod 1124 0x0000026dcb74e690 code [0x0000026dcb74e820, 0x0000026dcb74e8c8]
Event: 0.407 Thread 0x0000026e1b35b140 nmethod 1125 0x0000026dcb74e990 code [0x0000026dcb74eb40, 0x0000026dcb74ecc0]
Event: 0.409 Thread 0x0000026e1b35b140 1126       1       java.lang.invoke.MethodHandleNatives::findMethodHandleType (7 bytes)
Event: 0.409 Thread 0x0000026e1b35b140 nmethod 1126 0x0000026dcb74ed90 code [0x0000026dcb74ef20, 0x0000026dcb74efe8]
Event: 0.409 Thread 0x0000026e1b35b140 1127       1       jdk.internal.org.objectweb.asm.SymbolTable::getConstantPoolCount (5 bytes)
Event: 0.409 Thread 0x0000026e1b35b140 nmethod 1127 0x0000026dcb74f090 code [0x0000026dcb74f220, 0x0000026dcb74f2e8]
Event: 0.414 Thread 0x0000026dd5dd7650 1128       1       jdk.internal.loader.NativeLibraries$NativeLibraryImpl::find (9 bytes)
Event: 0.414 Thread 0x0000026dd5dd7650 nmethod 1128 0x0000026dcb74f790 code [0x0000026dcb74f920, 0x0000026dcb74fa08]
Event: 0.415 Thread 0x0000026e1b1f4870 1130       1       java.lang.Class::getComponentType (14 bytes)
Event: 0.415 Thread 0x0000026e1b1f4870 nmethod 1130 0x0000026dcb74fa90 code [0x0000026dcb74fc40, 0x0000026dcb74fd70]

GC Heap History (0 events):
No events

Dll operation events (10 events):
Event: 0.009 Loaded shared library C:\Users\user\.jdks\openjdk-22.0.2\bin\java.dll
Event: 0.109 Loaded shared library C:\Users\user\.jdks\openjdk-22.0.2\bin\zip.dll
Event: 0.112 Loaded shared library C:\Users\user\.jdks\openjdk-22.0.2\bin\instrument.dll
Event: 0.116 Loaded shared library C:\Users\user\.jdks\openjdk-22.0.2\bin\net.dll
Event: 0.118 Loaded shared library C:\Users\user\.jdks\openjdk-22.0.2\bin\nio.dll
Event: 0.121 Loaded shared library C:\Users\user\.jdks\openjdk-22.0.2\bin\zip.dll
Event: 0.160 Loaded shared library C:\Users\user\.jdks\openjdk-22.0.2\bin\jimage.dll
Event: 0.215 Loaded shared library C:\Users\user\.jdks\openjdk-22.0.2\bin\extnet.dll
Event: 0.219 Loaded shared library C:\Users\user\.jdks\openjdk-22.0.2\bin\management.dll
Event: 0.230 Loaded shared library C:\Users\user\.jdks\openjdk-22.0.2\bin\management_ext.dll

Deoptimization events (0 events):
No events

Classes loaded (20 events):
Event: 0.416 Loading class java/io/ObjectOutputStream$BlockDataOutputStream
Event: 0.416 Loading class java/io/ObjectOutputStream$BlockDataOutputStream done
Event: 0.416 Loading class java/io/ObjectOutputStream$HandleTable
Event: 0.417 Loading class java/io/ObjectOutputStream$HandleTable done
Event: 0.417 Loading class java/io/ObjectOutputStream$ReplaceTable
Event: 0.417 Loading class java/io/ObjectOutputStream$ReplaceTable done
Event: 0.417 Loading class java/io/ObjectStreamClass
Event: 0.417 Loading class java/io/ObjectStreamClass done
Event: 0.417 Loading class java/io/ObjectStreamClass$Caches
Event: 0.417 Loading class java/io/ObjectStreamClass$Caches done
Event: 0.417 Loading class java/io/ObjectStreamClass$Caches$1
Event: 0.417 Loading class java/io/ClassCache
Event: 0.417 Loading class java/io/ClassCache done
Event: 0.417 Loading class java/io/ObjectStreamClass$Caches$1 done
Event: 0.417 Loading class java/io/ClassCache$1
Event: 0.417 Loading class java/io/ClassCache$1 done
Event: 0.417 Loading class java/io/ObjectStreamClass$Caches$2
Event: 0.417 Loading class java/io/ObjectStreamClass$Caches$2 done
Event: 0.417 Loading class java/io/ObjectStreamClass$2
Event: 0.417 Loading class java/io/ObjectStreamClass$2 done

Classes unloaded (0 events):
No events

Classes redefined (0 events):
No events

Internal exceptions (11 events):
Event: 0.177 Thread 0x0000026dd5dbe050 Exception <a 'java/lang/NoSuchMethodError'{0x00000007198bb018}: 'java.lang.Object java.lang.invoke.Invokers$Holder.invokeExact_MT(java.lang.Object, java.lang.Object, java.lang.Object, java.lang.Object, java.lang.Object, java.lang.Object)'> (0x00000007198bb018) 
thrown [s\open\src\hotspot\share\interpreter\linkResolver.cpp, line 774]
Event: 0.201 Thread 0x0000026dc2fae1a0 Exception <a 'java/lang/NoSuchMethodError'{0x000000071964c5c8}: 'void java.lang.invoke.DirectMethodHandle$Holder.invokeStatic(java.lang.Object, java.lang.Object, java.lang.Object)'> (0x000000071964c5c8) 
thrown [s\open\src\hotspot\share\interpreter\linkResolver.cpp, line 774]
Event: 0.206 Thread 0x0000026dc2fae1a0 Exception <a 'java/lang/NoSuchMethodError'{0x0000000719662208}: 'java.lang.Object java.lang.invoke.Invokers$Holder.invokeExact_MT(java.lang.Object, java.lang.Object, java.lang.Object, java.lang.Object, java.lang.Object)'> (0x0000000719662208) 
thrown [s\open\src\hotspot\share\interpreter\linkResolver.cpp, line 774]
Event: 0.217 Thread 0x0000026e1b5db5e0 Exception <a 'java/lang/NoSuchMethodError'{0x00000007196bc770}: 'void java.lang.invoke.DirectMethodHandle$Holder.invokeStatic(java.lang.Object, java.lang.Object)'> (0x00000007196bc770) 
thrown [s\open\src\hotspot\share\interpreter\linkResolver.cpp, line 774]
Event: 0.233 Thread 0x0000026dd5dbe050 Exception <a 'java/lang/NoSuchMethodError'{0x00000007198f6aa0}: 'int java.lang.invoke.DirectMethodHandle$Holder.invokeInterface(java.lang.Object, java.lang.Object)'> (0x00000007198f6aa0) 
thrown [s\open\src\hotspot\share\interpreter\linkResolver.cpp, line 774]
Event: 0.234 Thread 0x0000026dd5dbe050 Exception <a 'java/lang/IncompatibleClassChangeError'{0x00000007198f9cb0}: Found class java.lang.Object, but interface was expected> (0x00000007198f9cb0) 
thrown [s\open\src\hotspot\share\interpreter\linkResolver.cpp, line 841]
Event: 0.274 Thread 0x0000026dd5dbe050 Exception <a 'java/lang/NoSuchMethodError'{0x00000007197ce4c0}: 'int java.lang.invoke.DirectMethodHandle$Holder.invokeSpecial(java.lang.Object, java.lang.Object, java.lang.Object)'> (0x00000007197ce4c0) 
thrown [s\open\src\hotspot\share\interpreter\linkResolver.cpp, line 774]
Event: 0.304 Thread 0x0000026dd5dbe050 Exception <a 'java/lang/NoSuchMethodError'{0x00000007195212d0}: 'java.lang.Object java.lang.invoke.DirectMethodHandle$Holder.invokeStaticInit(java.lang.Object, java.lang.Object, java.lang.Object)'> (0x00000007195212d0) 
thrown [s\open\src\hotspot\share\interpreter\linkResolver.cpp, line 774]
Event: 0.381 Thread 0x0000026dd5dbe050 Exception <a 'java/lang/NoSuchMethodError'{0x0000000719097b10}: 'java.lang.Object java.lang.invoke.DirectMethodHandle$Holder.invokeStaticInit(java.lang.Object, int, int, int, int)'> (0x0000000719097b10) 
thrown [s\open\src\hotspot\share\interpreter\linkResolver.cpp, line 774]
Event: 0.396 Thread 0x0000026dd5dbe050 Exception <a 'java/lang/NoSuchMethodError'{0x000000071911c970}: 'java.lang.Object java.lang.invoke.DirectMethodHandle$Holder.invokeStaticInit(java.lang.Object, java.lang.Object, int, int, int, int)'> (0x000000071911c970) 
thrown [s\open\src\hotspot\share\interpreter\linkResolver.cpp, line 774]
Event: 0.407 Thread 0x0000026dd5dbe050 Exception <a 'java/lang/ClassNotFoundException'{0x0000000719139c80}: javax/management/remote/rmi/RMIServerImpl_Skel> (0x0000000719139c80) 
thrown [s\open\src\hotspot\share\classfile\systemDictionary.cpp, line 313]

ZGC Phase Switch (0 events):
No events

VM Operations (14 events):
Event: 0.096 Executing VM operation: HandshakeAllThreads (Deoptimize)
Event: 0.097 Executing VM operation: HandshakeAllThreads (Deoptimize) done
Event: 0.170 Executing VM operation: HandshakeAllThreads (Deoptimize)
Event: 0.170 Executing VM operation: HandshakeAllThreads (Deoptimize) done
Event: 0.179 Executing VM operation: HandshakeAllThreads (Deoptimize)
Event: 0.179 Executing VM operation: HandshakeAllThreads (Deoptimize) done
Event: 0.204 Executing VM operation: HandshakeAllThreads (Deoptimize)
Event: 0.204 Executing VM operation: HandshakeAllThreads (Deoptimize) done
Event: 0.225 Executing VM operation: HandshakeAllThreads (Deoptimize)
Event: 0.225 Executing VM operation: HandshakeAllThreads (Deoptimize) done
Event: 0.361 Executing VM operation: HandshakeAllThreads (Deoptimize)
Event: 0.361 Executing VM operation: HandshakeAllThreads (Deoptimize) done
Event: 0.406 Executing VM operation: HandshakeAllThreads (Deoptimize)
Event: 0.406 Executing VM operation: HandshakeAllThreads (Deoptimize) done

Memory protections (0 events):
No events

Nmethod flushes (0 events):
No events

Events (15 events):
Event: 0.025 Thread 0x0000026dc2fae1a0 Thread added: 0x0000026dc2fae1a0
Event: 0.038 Thread 0x0000026dc2fae1a0 Thread added: 0x0000026dd5db5eb0
Event: 0.038 Thread 0x0000026dc2fae1a0 Thread added: 0x0000026dd5dbafe0
Event: 0.038 Thread 0x0000026dc2fae1a0 Thread added: 0x0000026dd5dbc120
Event: 0.038 Thread 0x0000026dc2fae1a0 Thread added: 0x0000026dd5dbe050
Event: 0.038 Thread 0x0000026dc2fae1a0 Thread added: 0x0000026dd5dbeab0
Event: 0.038 Thread 0x0000026dc2fae1a0 Thread added: 0x0000026dd5dc9530
Event: 0.039 Thread 0x0000026dc2fae1a0 Thread added: 0x0000026dd5dd7650
Event: 0.090 Thread 0x0000026dc2fae1a0 Thread added: 0x0000026e1b1f21f0
Event: 0.097 Thread 0x0000026dd5dd7650 Thread added: 0x0000026e1b1f4870
Event: 0.097 Thread 0x0000026dd5dd7650 Thread added: 0x0000026e1b1f9b70
Event: 0.150 Thread 0x0000026e1b1f4870 Thread added: 0x0000026e1b35b140
Event: 0.209 Thread 0x0000026dc2fae1a0 Thread added: 0x0000026e1b5db5e0
Event: 0.209 Thread 0x0000026dc2fae1a0 Thread added: 0x0000026e1b5dc060
Event: 0.415 Thread 0x0000026dd5dbe050 Thread added: 0x0000026e1b7efaa0


Dynamic libraries:
0x00007ff667930000 - 0x00007ff66793e000 	C:\Users\user\.jdks\openjdk-22.0.2\bin\java.exe
0x00007ff99e750000 - 0x00007ff99e948000 	C:\Windows\SYSTEM32\ntdll.dll
0x00007ff99cf60000 - 0x00007ff99d022000 	C:\Windows\System32\KERNEL32.DLL
0x00007ff99c0b0000 - 0x00007ff99c3a6000 	C:\Windows\System32\KERNELBASE.dll
0x00007ff99be90000 - 0x00007ff99bf90000 	C:\Windows\System32\ucrtbase.dll
0x00007ff9974b0000 - 0x00007ff9974cb000 	C:\Users\user\.jdks\openjdk-22.0.2\bin\VCRUNTIME140.dll
0x00007ff997490000 - 0x00007ff9974a7000 	C:\Users\user\.jdks\openjdk-22.0.2\bin\jli.dll
0x00007ff99ccb0000 - 0x00007ff99ce4d000 	C:\Windows\System32\USER32.dll
0x00007ff984d10000 - 0x00007ff984fab000 	C:\Windows\WinSxS\amd64_microsoft.windows.common-controls_6595b64144ccf1df_6.0.19041.6280_none_60bc30a171f2f3f3\COMCTL32.dll
0x00007ff99c700000 - 0x00007ff99c722000 	C:\Windows\System32\win32u.dll
0x00007ff99cf30000 - 0x00007ff99cf5b000 	C:\Windows\System32\GDI32.dll
0x00007ff99d830000 - 0x00007ff99d8ce000 	C:\Windows\System32\msvcrt.dll
0x00007ff99bf90000 - 0x00007ff99c0a9000 	C:\Windows\System32\gdi32full.dll
0x00007ff99bdf0000 - 0x00007ff99be8d000 	C:\Windows\System32\msvcp_win.dll
0x00007ff99d930000 - 0x00007ff99d95f000 	C:\Windows\System32\IMM32.DLL
0x00007ff997a00000 - 0x00007ff997a0c000 	C:\Users\user\.jdks\openjdk-22.0.2\bin\vcruntime140_1.dll
0x00007ff997400000 - 0x00007ff99748e000 	C:\Users\user\.jdks\openjdk-22.0.2\bin\msvcp140.dll
0x00007ff95bbf0000 - 0x00007ff95c939000 	C:\Users\user\.jdks\openjdk-22.0.2\bin\server\jvm.dll
0x00007ff99d960000 - 0x00007ff99da11000 	C:\Windows\System32\ADVAPI32.dll
0x00007ff99dbd0000 - 0x00007ff99dc6f000 	C:\Windows\System32\sechost.dll
0x00007ff99ca10000 - 0x00007ff99cb30000 	C:\Windows\System32\RPCRT4.dll
0x00007ff99c4f0000 - 0x00007ff99c517000 	C:\Windows\System32\bcrypt.dll
0x00007ff99d7a0000 - 0x00007ff99d80b000 	C:\Windows\System32\WS2_32.dll
0x00007ff99b980000 - 0x00007ff99b9cb000 	C:\Windows\SYSTEM32\POWRPROF.dll
0x00007ff9929e0000 - 0x00007ff9929ea000 	C:\Windows\SYSTEM32\VERSION.dll
0x00007ff992200000 - 0x00007ff992227000 	C:\Windows\SYSTEM32\WINMM.dll
0x00007ff99b940000 - 0x00007ff99b952000 	C:\Windows\SYSTEM32\UMPDC.dll
0x00007ff99a5d0000 - 0x00007ff99a5e2000 	C:\Windows\SYSTEM32\kernel.appcore.dll
0x00007ff9973f0000 - 0x00007ff9973fa000 	C:\Users\user\.jdks\openjdk-22.0.2\bin\jimage.dll
0x00007ff999bb0000 - 0x00007ff999db1000 	C:\Windows\SYSTEM32\DBGHELP.DLL
0x00007ff9825d0000 - 0x00007ff982604000 	C:\Windows\SYSTEM32\dbgcore.DLL
0x00007ff99c3b0000 - 0x00007ff99c432000 	C:\Windows\System32\bcryptPrimitives.dll
0x00007ff997a60000 - 0x00007ff997a6f000 	C:\Users\user\.jdks\openjdk-22.0.2\bin\instrument.dll
0x00007ff997340000 - 0x00007ff99735e000 	C:\Users\user\.jdks\openjdk-22.0.2\bin\java.dll
0x00007ff99d030000 - 0x00007ff99d7a0000 	C:\Windows\System32\SHELL32.dll
0x00007ff99dc80000 - 0x00007ff99ddab000 	C:\Windows\System32\ole32.dll
0x00007ff99e2c0000 - 0x00007ff99e613000 	C:\Windows\System32\combase.dll
0x00007ff999e10000 - 0x00007ff99a5b5000 	C:\Windows\SYSTEM32\windows.storage.dll
0x00007ff99b670000 - 0x00007ff99b69b000 	C:\Windows\SYSTEM32\Wldp.dll
0x00007ff99cbe0000 - 0x00007ff99ccad000 	C:\Windows\System32\OLEAUT32.dll
0x00007ff99c780000 - 0x00007ff99c82d000 	C:\Windows\System32\SHCORE.dll
0x00007ff99c830000 - 0x00007ff99c88b000 	C:\Windows\System32\shlwapi.dll
0x00007ff99bd20000 - 0x00007ff99bd44000 	C:\Windows\SYSTEM32\profapi.dll
0x00007ff9972d0000 - 0x00007ff9972e7000 	C:\Users\user\.jdks\openjdk-22.0.2\bin\zip.dll
0x00007ff9973e0000 - 0x00007ff9973f0000 	C:\Users\user\.jdks\openjdk-22.0.2\bin\net.dll
0x00007ff99b450000 - 0x00007ff99b4ba000 	C:\Windows\system32\mswsock.dll
0x00007ff9972f0000 - 0x00007ff997306000 	C:\Users\user\.jdks\openjdk-22.0.2\bin\nio.dll
0x00007ff99b190000 - 0x00007ff99b25a000 	C:\Windows\SYSTEM32\DNSAPI.dll
0x00007ff99b150000 - 0x00007ff99b18b000 	C:\Windows\SYSTEM32\IPHLPAPI.DLL
0x00007ff99dc70000 - 0x00007ff99dc78000 	C:\Windows\System32\NSI.dll
0x00007ff996a30000 - 0x00007ff996a3a000 	C:\Windows\System32\rasadhlp.dll
0x00007ff995600000 - 0x00007ff995680000 	C:\Windows\System32\fwpuclnt.dll
0x00007ff997240000 - 0x00007ff997249000 	C:\Users\user\.jdks\openjdk-22.0.2\bin\extnet.dll
0x00007ff997a50000 - 0x00007ff997a5a000 	C:\Users\user\.jdks\openjdk-22.0.2\bin\management.dll
0x00007ff9979f0000 - 0x00007ff9979fb000 	C:\Users\user\.jdks\openjdk-22.0.2\bin\management_ext.dll
0x00007ff99de40000 - 0x00007ff99de48000 	C:\Windows\System32\PSAPI.DLL
0x00007ff99b6b0000 - 0x00007ff99b6c8000 	C:\Windows\SYSTEM32\CRYPTSP.dll
0x00007ff99ad90000 - 0x00007ff99adc8000 	C:\Windows\system32\rsaenh.dll
0x00007ff99bce0000 - 0x00007ff99bd0e000 	C:\Windows\SYSTEM32\USERENV.dll
0x00007ff99b5e0000 - 0x00007ff99b5ec000 	C:\Windows\SYSTEM32\CRYPTBASE.dll
0x00007ff931830000 - 0x00007ff931847000 	C:\Windows\system32\napinsp.dll
0x00007ff9317f0000 - 0x00007ff93180b000 	C:\Windows\system32\pnrpnsp.dll
0x00007ff998630000 - 0x00007ff99864d000 	C:\Windows\system32\wshbth.dll
0x00007ff998390000 - 0x00007ff9983ad000 	C:\Windows\system32\NLAapi.dll
0x00007ff931850000 - 0x00007ff931862000 	C:\Windows\System32\winrnr.dll

dbghelp: loaded successfully - version: 4.0.5 - missing functions: none
symbol engine: initialized successfully - sym options: 0x614 - pdb path: .;C:\Users\user\.jdks\openjdk-22.0.2\bin;C:\Windows\SYSTEM32;C:\Windows\WinSxS\amd64_microsoft.windows.common-controls_6595b64144ccf1df_6.0.19041.6280_none_60bc30a171f2f3f3;C:\Users\user\.jdks\openjdk-22.0.2\bin\server

VM Arguments:
jvm_args: -XX:TieredStopAtLevel=1 -Dspring.output.ansi.enabled=always -Dcom.sun.management.jmxremote -Dspring.jmx.enabled=true -Dspring.liveBeansView.mbeanDomain -Dspring.application.admin.enabled=true -Dmanagement.endpoints.jmx.exposure.include=* -javaagent:C:\Users\user\AppData\Local\Programs\IntelliJ IDEA Ultimate 2025.1.3\lib\idea_rt.jar=53324 -Dfile.encoding=UTF-8 -Dsun.stdout.encoding=UTF-8 -Dsun.stderr.encoding=UTF-8 
java_command: medicalcenter.userservice.UserServiceApplication
java_class_path (initial): D:\univer\pt\UserService\target\classes;C:\Users\user\.m2\repository\org\springframework\boot\spring-boot-starter-data-jpa\3.5.5\spring-boot-starter-data-jpa-3.5.5.jar;C:\Users\user\.m2\repository\org\springframework\boot\spring-boot-starter\3.5.5\spring-boot-starter-3.5.5.jar;C:\Users\user\.m2\repository\org\springframework\boot\spring-boot\3.5.5\spring-boot-3.5.5.jar;C:\Users\user\.m2\repository\org\springframework\boot\spring-boot-autoconfigure\3.5.5\spring-boot-autoconfigure-3.5.5.jar;C:\Users\user\.m2\repository\org\springframework\boot\spring-boot-starter-logging\3.5.5\spring-boot-starter-logging-3.5.5.jar;C:\Users\user\.m2\repository\ch\qos\logback\logback-classic\1.5.18\logback-classic-1.5.18.jar;C:\Users\user\.m2\repository\ch\qos\logback\logback-core\1.5.18\logback-core-1.5.18.jar;C:\Users\user\.m2\repository\org\apache\logging\log4j\log4j-to-slf4j\2.24.3\log4j-to-slf4j-2.24.3.jar;C:\Users\user\.m2\repository\org\apache\logging\log4j\log4j-api\2.24.3\log4j-api-2.24.3.jar;C:\Users\user\.m2\repository\org\slf4j\jul-to-slf4j\2.0.17\jul-to-slf4j-2.0.17.jar;C:\Users\user\.m2\repository\jakarta\annotation\jakarta.annotation-api\2.1.1\jakarta.annotation-api-2.1.1.jar;C:\Users\user\.m2\repository\org\yaml\snakeyaml\2.4\snakeyaml-2.4.jar;C:\Users\user\.m2\repository\org\springframework\boot\spring-boot-starter-jdbc\3.5.5\spring-boot-starter-jdbc-3.5.5.jar;C:\Users\user\.m2\repository\com\zaxxer\HikariCP\6.3.2\HikariCP-6.3.2.jar;C:\Users\user\.m2\repository\org\springframework\spring-jdbc\6.2.10\spring-jdbc-6.2.10.jar;C:\Users\user\.m2\repository\org\hibernate\orm\hibernate-core\6.6.26.Final\hibernate-core-6.6.26.Final.jar;C:\Users\user\.m2\repository\jakarta\persistence\jakarta.persistence-api\3.1.0\jakarta.persistence-api-3.1.0.jar;C:\Users\user\.m2\repository\jakarta\transaction\jakarta.transaction-api\2.0.1\jakarta.transaction-api-2.0.1.jar;C:\Users\user\.m2\repository\org\jboss\logging\jboss-logging\3.6.1.Final\jboss-logging-3.6.1.Final.jar;C:\Users\user\.m2\repository\org\hibernate\common\hibernate-commons-annotations\7.0.3.Final\hibernate-commons-annotations-7.0.3.Final.jar;C:\Users\user\.m2\repository\io\smallrye\jandex\3.2.0\jandex-3.2.0.jar;C:\Users\user\.m2\repository\com\fasterxml\classmate\1.7.0\classmate-1.7.0.jar;C:\Users\user\.m2\repository\net\bytebuddy\byte-buddy\1.17.7\byte-buddy-1.17.7.jar;C:\Users\user\.m2\repository\org\glassfish\jaxb\jaxb-runtime\4.0.5\jaxb-runtime-4.0.5.jar;C:\Users\user\.m2\repository\org\glassfish\jaxb\jaxb-core\4.0.5\jaxb-core-4.0.5.jar;C:\Users\user\.m2\repository\org\eclipse\angus\angus-activation\2.0.2\angus-activation-2.0.2.jar;C:\Users\user\.m2\repository\org\glassfish\jaxb\txw2\4.0.5\txw2-4.0.5.jar;C:\Users\user\.m2\repository\com\sun\istack\istack-commons-runtime\4.1.2\istack-commons-runtime-4.1.2.jar;C:\Users\user\.m2\repository\jakarta\inject\jakarta.inject-api\2.0.1\jakarta.inject-api-2.0.1.jar;C:\Users\user\.m2\repository\org\antlr\antlr4-runtime\4.13.0\antlr4-runtime-4.13.0.jar;C:\Users\user\.m2\repository\org\springframework\data\spring-data-jpa\3.5.3\spring-data-jpa-3.5.3.jar;C:\Users\user\.m2\repository\org\springframework\data\spring-data-commons\3.5.3\spring-data-commons-3.5.3.jar;C:\Users\user\.m2\repository\org\springframework\spring-orm\6.2.10\spring-orm-6.2.10.jar;C:\Users\user\.m2\repository\org\springframework\spring-context\6.2.10\spring-context-6.2.10.jar;C:\Users\user\.m2\repository\org\springframework\spring-aop\6.2.10\spring-aop-6.2.10.jar;C:\Users\user\.m2\repository\org\springframework\spring-tx\6.2.10\spring-tx-6.2.10.jar;C:\Users\user\.m2\repository\org\springframework\spring-beans\6.2.10\spring-beans-6.2.10.jar;C:\Users\user\.m2\repository\org\slf4j\slf4j-api\2.0.17\slf4j-api-2.0.17.jar;C:\Users\user\.m2\repository\org\springframework\spring-aspects\6.2.10\spring-aspects-6.2.10.jar;C:\Users\user\.m2\repository\org\aspectj\aspectjweaver\1.9.24\aspectjweaver-1.9.24.jar;C:\Users\user\.m2\repository\org\springframework\boot\spring-boot-starter-web\3.5.5\spring-boot-starter-web-3.5.5.jar;C:\Users\user\.m2\repository\org\springframework\boot\spring-boot-starter-json\3.5.5\spring-boot-starter-json-3.5.5.jar;C:\Users\user\.m2\repository\com\fasterxml\jackson\core\jackson-databind\2.19.2\jackson-databind-2.19.2.jar;C:\Users\user\.m2\repository\com\fasterxml\jackson\core\jackson-annotations\2.19.2\jackson-annotations-2.19.2.jar;C:\Users\user\.m2\repository\com\fasterxml\jackson\core\jackson-core\2.19.2\jackson-core-2.19.2.jar;C:\Users\user\.m2\repository\com\fasterxml\jackson\datatype\jackson-datatype-jdk8\2.19.2\jackson-datatype-jdk8-2.19.2.jar;C:\Users\user\.m2\repository\com\fasterxml\jackson\datatype\jackson-datatype-jsr310\2.19.2\jackson-datatype-jsr310-2.19.2.jar;C:\Users\user\.m2\repository\com\fasterxml\jackson\module\jackson-module-parameter-names\2.19.2\jackson-module-parameter-names-2.19.2.jar;C:\Users\user\.m2\repository\org\springframework\boot\spring-boot-starter-tomcat\3.5.5\spring-boot-starter-tomcat-3.5.5.jar;C:\Users\user\.m2\repository\org\apache\tomcat\embed\tomcat-embed-core\10.1.44\tomcat-embed-core-10.1.44.jar;C:\Users\user\.m2\repository\org\apache\tomcat\embed\tomcat-embed-el\10.1.44\tomcat-embed-el-10.1.44.jar;C:\Users\user\.m2\repository\org\apache\tomcat\embed\tomcat-embed-websocket\10.1.44\tomcat-embed-websocket-10.1.44.jar;C:\Users\user\.m2\repository\org\springframework\spring-web\6.2.10\spring-web-6.2.10.jar;C:\Users\user\.m2\repository\io\micrometer\micrometer-observation\1.15.3\micrometer-observation-1.15.3.jar;C:\Users\user\.m2\repository\io\micrometer\micrometer-commons\1.15.3\micrometer-commons-1.15.3.jar;C:\Users\user\.m2\repository\org\springframework\spring-webmvc\6.2.10\spring-webmvc-6.2.10.jar;C:\Users\user\.m2\repository\org\springframework\spring-expression\6.2.10\spring-expression-6.2.10.jar;C:\Users\user\.m2\repository\org\postgresql\postgresql\42.7.7\postgresql-42.7.7.jar;C:\Users\user\.m2\repository\org\checkerframework\checker-qual\3.49.3\checker-qual-3.49.3.jar;C:\Users\user\.m2\repository\org\projectlombok\lombok\1.18.38\lombok-1.18.38.jar;C:\Users\user\.m2\repository\jakarta\xml\bind\jakarta.xml.bind-api\4.0.2\jakarta.xml.bind-api-4.0.2.jar;C:\Users\user\.m2\repository\jakarta\activation\jakarta.activation-api\2.1.3\jakarta.activation-api-2.1.3.jar;C:\Users\user\.m2\repository\org\springframework\spring-core\6.2.10\spring-core-6.2.10.jar;C:\Users\user\.m2\repository\org\springframework\spring-jcl\6.2.10\spring-jcl-6.2.10.jar
Launcher Type: SUN_STANDARD

[Global flags]
     intx CICompilerCount                          = 4                                         {product} {ergonomic}
     uint ConcGCThreads                            = 3                                         {product} {ergonomic}
     uint G1ConcRefinementThreads                  = 10                                        {product} {ergonomic}
   size_t G1HeapRegionSize                         = 2097152                                   {product} {ergonomic}
   size_t InitialHeapSize                          = 257949696                                 {product} {ergonomic}
     bool ManagementServer                         = true                                      {product} {command line}
   size_t MarkStackSize                            = 4194304                                   {product} {ergonomic}
   size_t MaxHeapSize                              = 4114612224                                {product} {ergonomic}
   size_t MaxNewSize                               = 2468347904                                {product} {ergonomic}
   size_t MinHeapDeltaBytes                        = 2097152                                   {product} {ergonomic}
   size_t MinHeapSize                              = 8388608                                   {product} {ergonomic}
    uintx NonNMethodCodeHeapSize                   = 4096                                   {pd product} {ergonomic}
    uintx NonProfiledCodeHeapSize                  = 0                                      {pd product} {ergonomic}
     bool ProfileInterpreter                       = false                                  {pd product} {command line}
    uintx ProfiledCodeHeapSize                     = 0                                      {pd product} {ergonomic}
   size_t SoftMaxHeapSize                          = 4114612224                             {manageable} {ergonomic}
     intx TieredStopAtLevel                        = 1                                         {product} {command line}
     bool UseCompressedOops                        = true                           {product lp64_product} {ergonomic}
     bool UseG1GC                                  = true                                      {product} {ergonomic}
     bool UseLargePagesIndividualAllocation        = false                                  {pd product} {ergonomic}

Logging:
Log output configuration:
 #0: stdout all=warning uptime,level,tags foldmultilines=false
 #1: stderr all=off uptime,level,tags foldmultilines=false

Environment Variables:
JAVA_HOME=C:\Program Files\Java\jdk-12.0.1
PATH=C:\Windows\system32;C:\Windows;C:\Windows\System32\Wbem;C:\Windows\System32\WindowsPowerShell\v1.0\;C:\Windows\System32\OpenSSH\;C:\Program Files\Git\cmd;C:\Program Files (x86)\Windows Kits\10\Windows Performance Toolkit\;C:\Program Files\Docker\Docker\resources\bin;C:\Users\user\AppData\Local\Microsoft\WindowsApps;C:\Program Files\JetBrains\IntelliJ IDEA Community Edition 2024.2.1\bin;;C:\Program Files\Java\jdk-12.0.1\bin;D:\Microsoft VS Code\bin
USERNAME=user
OS=Windows_NT
PROCESSOR_IDENTIFIER=AMD64 Family 23 Model 104 Stepping 1, AuthenticAMD
TMP=C:\Users\user\AppData\Local\Temp
TEMP=C:\Users\user\AppData\Local\Temp




Periodic native trim disabled

---------------  S Y S T E M  ---------------

OS:
 Windows 10 , 64 bit Build 19041 (10.0.19041.5915)
OS uptime: 1 days 9:06 hours
Hyper-V role detected

CPU: total 12 (initial active 12) (12 cores per cpu, 2 threads per core) family 23 model 104 stepping 1 microcode 0x0, cx8, cmov, fxsr, ht, mmx, 3dnowpref, sse, sse2, sse3, ssse3, sse4a, sse4.1, sse4.2, popcnt, lzcnt, tsc, tscinvbit, avx, avx2, aes, clmul, bmi1, bmi2, adx, sha, fma, vzeroupper, clflush, clflushopt, hv, rdtscp, rdpid, f16c
Processor Information for all 12 processors :
  Max Mhz: 2100, Current Mhz: 2100, Mhz Limit: 2100

Memory: 4k page, system-wide physical 15693M (2726M free)
TotalPageFile size 20983M (AvailPageFile size 5M)
current process WorkingSet (physical memory assigned to process): 61M, peak: 61M
current process commit charge ("private bytes"): 341M, peak: 341M

vm_info: OpenJDK 64-Bit Server VM (22.0.2+9-70) for windows-amd64 JRE (22.0.2+9-70), built on 2024-06-04T16:52:23Z by "mach5one" with MS VC++ 17.6 (VS2022)

END.
