2025-10-17T15:45:18.998+03:00  INFO 15748 --- [medical-center-userservice] [main] m.userservice.UserServiceApplication     : Starting UserServiceApplication using Java 22.0.2 with PID 15748 (C:\studying\pt_backend\UserService\target\classes started by voitu in C:\studying\pt_backend)
2025-10-17T15:45:19.001+03:00 DEBUG 15748 --- [medical-center-userservice] [main] m.userservice.UserServiceApplication     : Running with Spring Boot v3.5.5, Spring v6.2.10
2025-10-17T15:45:19.003+03:00  INFO 15748 --- [medical-center-userservice] [main] m.userservice.UserServiceApplication     : The following 1 profile is active: "dev"
2025-10-17T15:45:20.477+03:00  INFO 15748 --- [medical-center-userservice] [main] .s.d.r.c.RepositoryConfigurationDelegate : Bootstrapping Spring Data JPA repositories in DEFAULT mode.
2025-10-17T15:45:20.653+03:00  INFO 15748 --- [medical-center-userservice] [main] .s.d.r.c.RepositoryConfigurationDelegate : Finished Spring Data repository scanning in 160 ms. Found 11 JPA repository interfaces.
2025-10-17T15:45:21.609+03:00  INFO 15748 --- [medical-center-userservice] [main] o.s.b.w.embedded.tomcat.TomcatWebServer  : Tomcat initialized with port 8080 (http)
2025-10-17T15:45:21.641+03:00  INFO 15748 --- [medical-center-userservice] [main] o.apache.catalina.core.StandardService   : Starting service [Tomcat]
2025-10-17T15:45:21.642+03:00  INFO 15748 --- [medical-center-userservice] [main] o.apache.catalina.core.StandardEngine    : Starting Servlet engine: [Apache Tomcat/10.1.44]
2025-10-17T15:45:21.760+03:00  INFO 15748 --- [medical-center-userservice] [main] o.a.c.c.C.[Tomcat].[localhost].[/]       : Initializing Spring embedded WebApplicationContext
2025-10-17T15:45:21.760+03:00  INFO 15748 --- [medical-center-userservice] [main] w.s.c.ServletWebServerApplicationContext : Root WebApplicationContext: initialization completed in 2684 ms
2025-10-17T15:45:22.030+03:00  INFO 15748 --- [medical-center-userservice] [main] o.hibernate.jpa.internal.util.LogHelper  : HHH000204: Processing PersistenceUnitInfo [name: default]
2025-10-17T15:45:22.123+03:00  INFO 15748 --- [medical-center-userservice] [main] org.hibernate.Version                    : HHH000412: Hibernate ORM core version 7.1.1.Final
2025-10-17T15:45:22.974+03:00  INFO 15748 --- [medical-center-userservice] [main] o.s.o.j.p.SpringPersistenceUnitInfo      : No LoadTimeWeaver setup: ignoring JPA class transformer
2025-10-17T15:45:23.043+03:00  INFO 15748 --- [medical-center-userservice] [main] com.zaxxer.hikari.HikariDataSource       : HikariPool-1 - Starting...
2025-10-17T15:45:24.316+03:00  WARN 15748 --- [medical-center-userservice] [main] org.hibernate.orm.jdbc.error             : HHH000247: ErrorCode: 0, SQLState: 28P01
2025-10-17T15:45:24.317+03:00  WARN 15748 --- [medical-center-userservice] [main] org.hibernate.orm.jdbc.error             : FATAL: password authentication failed for user "postgres"
2025-10-17T15:45:24.318+03:00  WARN 15748 --- [medical-center-userservice] [main] o.h.e.j.e.i.JdbcEnvironmentInitiator     : HHH000342: Could not obtain connection to query JDBC database metadata

org.hibernate.exception.AuthException: Unable to obtain isolated JDBC connection [FATAL: password authentication failed for user "postgres"] [n/a]
	at org.hibernate.exception.internal.SQLStateConversionDelegate.convert(SQLStateConversionDelegate.java:87) ~[hibernate-core-7.1.1.Final.jar:7.1.1.Final]
	at org.hibernate.exception.internal.StandardSQLExceptionConverter.convert(StandardSQLExceptionConverter.java:34) ~[hibernate-core-7.1.1.Final.jar:7.1.1.Final]
	at org.hibernate.engine.jdbc.spi.SqlExceptionHelper.convert(SqlExceptionHelper.java:115) ~[hibernate-core-7.1.1.Final.jar:7.1.1.Final]
	at org.hibernate.engine.jdbc.spi.SqlExceptionHelper.convert(SqlExceptionHelper.java:101) ~[hibernate-core-7.1.1.Final.jar:7.1.1.Final]
	at org.hibernate.resource.transaction.backend.jdbc.internal.JdbcIsolationDelegate.delegateWork(JdbcIsolationDelegate.java:51) ~[hibernate-core-7.1.1.Final.jar:7.1.1.Final]
	at org.hibernate.engine.jdbc.env.internal.JdbcEnvironmentInitiator.getJdbcEnvironmentUsingJdbcMetadata(JdbcEnvironmentInitiator.java:355) ~[hibernate-core-7.1.1.Final.jar:7.1.1.Final]
	at org.hibernate.engine.jdbc.env.internal.JdbcEnvironmentInitiator.getJdbcEnvironment(JdbcEnvironmentInitiator.java:149) ~[hibernate-core-7.1.1.Final.jar:7.1.1.Final]
	at org.hibernate.engine.jdbc.env.internal.JdbcEnvironmentInitiator.initiateService(JdbcEnvironmentInitiator.java:127) ~[hibernate-core-7.1.1.Final.jar:7.1.1.Final]
	at org.hibernate.engine.jdbc.env.internal.JdbcEnvironmentInitiator.initiateService(JdbcEnvironmentInitiator.java:82) ~[hibernate-core-7.1.1.Final.jar:7.1.1.Final]
	at org.hibernate.boot.registry.internal.StandardServiceRegistryImpl.initiateService(StandardServiceRegistryImpl.java:133) ~[hibernate-core-7.1.1.Final.jar:7.1.1.Final]
	at org.hibernate.service.internal.AbstractServiceRegistryImpl.createService(AbstractServiceRegistryImpl.java:262) ~[hibernate-core-7.1.1.Final.jar:7.1.1.Final]
	at org.hibernate.service.internal.AbstractServiceRegistryImpl.initializeService(AbstractServiceRegistryImpl.java:237) ~[hibernate-core-7.1.1.Final.jar:7.1.1.Final]
	at org.hibernate.service.internal.AbstractServiceRegistryImpl.getService(AbstractServiceRegistryImpl.java:214) ~[hibernate-core-7.1.1.Final.jar:7.1.1.Final]
	at org.hibernate.boot.model.relational.Database.<init>(Database.java:44) ~[hibernate-core-7.1.1.Final.jar:7.1.1.Final]
	at org.hibernate.boot.internal.InFlightMetadataCollectorImpl.getDatabase(InFlightMetadataCollectorImpl.java:255) ~[hibernate-core-7.1.1.Final.jar:7.1.1.Final]
	at org.hibernate.boot.internal.InFlightMetadataCollectorImpl.<init>(InFlightMetadataCollectorImpl.java:207) ~[hibernate-core-7.1.1.Final.jar:7.1.1.Final]
	at org.hibernate.boot.model.process.spi.MetadataBuildingProcess.complete(MetadataBuildingProcess.java:185) ~[hibernate-core-7.1.1.Final.jar:7.1.1.Final]
	at org.hibernate.jpa.boot.internal.EntityManagerFactoryBuilderImpl.metadata(EntityManagerFactoryBuilderImpl.java:1395) ~[hibernate-core-7.1.1.Final.jar:7.1.1.Final]
	at org.hibernate.jpa.boot.internal.EntityManagerFactoryBuilderImpl.populateSessionFactoryBuilder(EntityManagerFactoryBuilderImpl.java:1475) ~[hibernate-core-7.1.1.Final.jar:7.1.1.Final]
	at org.hibernate.jpa.boot.internal.EntityManagerFactoryBuilderImpl.build(EntityManagerFactoryBuilderImpl.java:1457) ~[hibernate-core-7.1.1.Final.jar:7.1.1.Final]
	at org.springframework.orm.jpa.vendor.SpringHibernateJpaPersistenceProvider.createContainerEntityManagerFactory(SpringHibernateJpaPersistenceProvider.java:66) ~[spring-orm-6.2.10.jar:6.2.10]
	at org.springframework.orm.jpa.LocalContainerEntityManagerFactoryBean.createNativeEntityManagerFactory(LocalContainerEntityManagerFactoryBean.java:390) ~[spring-orm-6.2.10.jar:6.2.10]
	at org.springframework.orm.jpa.AbstractEntityManagerFactoryBean.buildNativeEntityManagerFactory(AbstractEntityManagerFactoryBean.java:419) ~[spring-orm-6.2.10.jar:6.2.10]
	at org.springframework.orm.jpa.AbstractEntityManagerFactoryBean.afterPropertiesSet(AbstractEntityManagerFactoryBean.java:400) ~[spring-orm-6.2.10.jar:6.2.10]
	at org.springframework.orm.jpa.LocalContainerEntityManagerFactoryBean.afterPropertiesSet(LocalContainerEntityManagerFactoryBean.java:366) ~[spring-orm-6.2.10.jar:6.2.10]
	at org.springframework.beans.factory.support.AbstractAutowireCapableBeanFactory.invokeInitMethods(AbstractAutowireCapableBeanFactory.java:1873) ~[spring-beans-6.2.10.jar:6.2.10]
	at org.springframework.beans.factory.support.AbstractAutowireCapableBeanFactory.initializeBean(AbstractAutowireCapableBeanFactory.java:1822) ~[spring-beans-6.2.10.jar:6.2.10]
	at org.springframework.beans.factory.support.AbstractAutowireCapableBeanFactory.doCreateBean(AbstractAutowireCapableBeanFactory.java:607) ~[spring-beans-6.2.10.jar:6.2.10]
	at org.springframework.beans.factory.support.AbstractAutowireCapableBeanFactory.createBean(AbstractAutowireCapableBeanFactory.java:529) ~[spring-beans-6.2.10.jar:6.2.10]
	at org.springframework.beans.factory.support.AbstractBeanFactory.lambda$doGetBean$0(AbstractBeanFactory.java:339) ~[spring-beans-6.2.10.jar:6.2.10]
	at org.springframework.beans.factory.support.DefaultSingletonBeanRegistry.getSingleton(DefaultSingletonBeanRegistry.java:373) ~[spring-beans-6.2.10.jar:6.2.10]
	at org.springframework.beans.factory.support.AbstractBeanFactory.doGetBean(AbstractBeanFactory.java:337) ~[spring-beans-6.2.10.jar:6.2.10]
	at org.springframework.beans.factory.support.AbstractBeanFactory.getBean(AbstractBeanFactory.java:207) ~[spring-beans-6.2.10.jar:6.2.10]
	at org.springframework.context.support.AbstractApplicationContext.finishBeanFactoryInitialization(AbstractApplicationContext.java:970) ~[spring-context-6.2.10.jar:6.2.10]
	at org.springframework.context.support.AbstractApplicationContext.refresh(AbstractApplicationContext.java:627) ~[spring-context-6.2.10.jar:6.2.10]
	at org.springframework.boot.web.servlet.context.ServletWebServerApplicationContext.refresh(ServletWebServerApplicationContext.java:146) ~[spring-boot-3.5.5.jar:3.5.5]
	at org.springframework.boot.SpringApplication.refresh(SpringApplication.java:752) ~[spring-boot-3.5.5.jar:3.5.5]
	at org.springframework.boot.SpringApplication.refreshContext(SpringApplication.java:439) ~[spring-boot-3.5.5.jar:3.5.5]
	at org.springframework.boot.SpringApplication.run(SpringApplication.java:318) ~[spring-boot-3.5.5.jar:3.5.5]
	at org.springframework.boot.SpringApplication.run(SpringApplication.java:1361) ~[spring-boot-3.5.5.jar:3.5.5]
	at org.springframework.boot.SpringApplication.run(SpringApplication.java:1350) ~[spring-boot-3.5.5.jar:3.5.5]
	at medicalcenter.userservice.UserServiceApplication.main(UserServiceApplication.java:10) ~[classes/:na]
Caused by: org.postgresql.util.PSQLException: FATAL: password authentication failed for user "postgres"
	at org.postgresql.core.v3.ConnectionFactoryImpl.doAuthentication(ConnectionFactoryImpl.java:777) ~[postgresql-42.7.7.jar:42.7.7]
	at org.postgresql.core.v3.ConnectionFactoryImpl.tryConnect(ConnectionFactoryImpl.java:234) ~[postgresql-42.7.7.jar:42.7.7]
	at org.postgresql.core.v3.ConnectionFactoryImpl.openConnectionImpl(ConnectionFactoryImpl.java:289) ~[postgresql-42.7.7.jar:42.7.7]
	at org.postgresql.core.ConnectionFactory.openConnection(ConnectionFactory.java:57) ~[postgresql-42.7.7.jar:42.7.7]
	at org.postgresql.jdbc.PgConnection.<init>(PgConnection.java:277) ~[postgresql-42.7.7.jar:42.7.7]
	at org.postgresql.Driver.makeConnection(Driver.java:448) ~[postgresql-42.7.7.jar:42.7.7]
	at org.postgresql.Driver.connect(Driver.java:298) ~[postgresql-42.7.7.jar:42.7.7]
	at com.zaxxer.hikari.util.DriverDataSource.getConnection(DriverDataSource.java:144) ~[HikariCP-6.3.2.jar:na]
	at com.zaxxer.hikari.pool.PoolBase.newConnection(PoolBase.java:370) ~[HikariCP-6.3.2.jar:na]
	at com.zaxxer.hikari.pool.PoolBase.newPoolEntry(PoolBase.java:207) ~[HikariCP-6.3.2.jar:na]
	at com.zaxxer.hikari.pool.HikariPool.createPoolEntry(HikariPool.java:488) ~[HikariCP-6.3.2.jar:na]
	at com.zaxxer.hikari.pool.HikariPool.checkFailFast(HikariPool.java:576) ~[HikariCP-6.3.2.jar:na]
	at com.zaxxer.hikari.pool.HikariPool.<init>(HikariPool.java:97) ~[HikariCP-6.3.2.jar:na]
	at com.zaxxer.hikari.HikariDataSource.getConnection(HikariDataSource.java:111) ~[HikariCP-6.3.2.jar:na]
	at org.hibernate.engine.jdbc.connections.internal.DatasourceConnectionProviderImpl.getConnection(DatasourceConnectionProviderImpl.java:138) ~[hibernate-core-7.1.1.Final.jar:7.1.1.Final]
	at org.hibernate.engine.jdbc.env.internal.JdbcEnvironmentInitiator$ConnectionProviderJdbcConnectionAccess.obtainConnection(JdbcEnvironmentInitiator.java:499) ~[hibernate-core-7.1.1.Final.jar:7.1.1.Final]
	at org.hibernate.resource.transaction.backend.jdbc.internal.JdbcIsolationDelegate.delegateWork(JdbcIsolationDelegate.java:48) ~[hibernate-core-7.1.1.Final.jar:7.1.1.Final]
	... 37 common frames omitted

2025-10-17T15:45:24.354+03:00  WARN 15748 --- [medical-center-userservice] [main] org.hibernate.orm.deprecation            : HHH90000025: PostgreSQLDialect does not need to be specified explicitly using 'hibernate.dialect' (remove the property setting and it will be selected by default)
2025-10-17T15:45:24.372+03:00  INFO 15748 --- [medical-center-userservice] [main] org.hibernate.orm.connections.pooling    : HHH10001005: Database info:
	Database JDBC URL [undefined/unknown]
	Database driver: undefined/unknown
	Database dialect: PostgreSQLDialect
	Database version: 13.0
	Default catalog/schema: unknown/unknown
	Autocommit mode: undefined/unknown
	Isolation level: NONE [default NONE]
	JDBC fetch size: undefined/unknown
	Pool: DatasourceConnectionProviderImpl
	Minimum pool size: undefined/unknown
	Maximum pool size: undefined/unknown
2025-10-17T15:45:26.339+03:00  INFO 15748 --- [medical-center-userservice] [main] o.h.e.t.j.p.i.JtaPlatformInitiator       : HHH000489: No JTA platform available (set 'hibernate.transaction.jta.platform' to enable JTA platform integration)
2025-10-17T15:45:26.391+03:00  INFO 15748 --- [medical-center-userservice] [main] com.zaxxer.hikari.HikariDataSource       : HikariPool-1 - Starting...
2025-10-17T15:45:27.499+03:00  WARN 15748 --- [medical-center-userservice] [main] org.hibernate.orm.jdbc.error             : HHH000247: ErrorCode: 0, SQLState: 28P01
2025-10-17T15:45:27.499+03:00  WARN 15748 --- [medical-center-userservice] [main] org.hibernate.orm.jdbc.error             : FATAL: password authentication failed for user "postgres"
2025-10-17T15:45:27.512+03:00 ERROR 15748 --- [medical-center-userservice] [main] j.LocalContainerEntityManagerFactoryBean : Failed to initialize JPA EntityManagerFactory: Unable to build Hibernate SessionFactory  [persistence unit: default] ; nested exception is org.hibernate.exception.AuthException: Unable to open JDBC Connection for DDL execution [FATAL: password authentication failed for user "postgres"] [n/a]
2025-10-17T15:45:27.515+03:00  WARN 15748 --- [medical-center-userservice] [main] ConfigServletWebServerApplicationContext : Exception encountered during context initialization - cancelling refresh attempt: org.springframework.beans.factory.BeanCreationException: Error creating bean with name 'entityManagerFactory' defined in class path resource [org/springframework/boot/autoconfigure/orm/jpa/HibernateJpaConfiguration.class]: Unable to build Hibernate SessionFactory  [persistence unit: default] ; nested exception is org.hibernate.exception.AuthException: Unable to open JDBC Connection for DDL execution [FATAL: password authentication failed for user "postgres"] [n/a]
2025-10-17T15:45:27.520+03:00  INFO 15748 --- [medical-center-userservice] [main] o.apache.catalina.core.StandardService   : Stopping service [Tomcat]
2025-10-17T15:45:27.542+03:00  INFO 15748 --- [medical-center-userservice] [main] .s.b.a.l.ConditionEvaluationReportLogger : 

Error starting ApplicationContext. To display the condition evaluation report re-run your application with 'debug' enabled.
2025-10-17T15:45:27.574+03:00 ERROR 15748 --- [medical-center-userservice] [main] o.s.boot.SpringApplication               : Application run failed

org.springframework.beans.factory.BeanCreationException: Error creating bean with name 'entityManagerFactory' defined in class path resource [org/springframework/boot/autoconfigure/orm/jpa/HibernateJpaConfiguration.class]: Unable to build Hibernate SessionFactory  [persistence unit: default] ; nested exception is org.hibernate.exception.AuthException: Unable to open JDBC Connection for DDL execution [FATAL: password authentication failed for user "postgres"] [n/a]
	at org.springframework.beans.factory.support.AbstractAutowireCapableBeanFactory.initializeBean(AbstractAutowireCapableBeanFactory.java:1826) ~[spring-beans-6.2.10.jar:6.2.10]
	at org.springframework.beans.factory.support.AbstractAutowireCapableBeanFactory.doCreateBean(AbstractAutowireCapableBeanFactory.java:607) ~[spring-beans-6.2.10.jar:6.2.10]
	at org.springframework.beans.factory.support.AbstractAutowireCapableBeanFactory.createBean(AbstractAutowireCapableBeanFactory.java:529) ~[spring-beans-6.2.10.jar:6.2.10]
	at org.springframework.beans.factory.support.AbstractBeanFactory.lambda$doGetBean$0(AbstractBeanFactory.java:339) ~[spring-beans-6.2.10.jar:6.2.10]
	at org.springframework.beans.factory.support.DefaultSingletonBeanRegistry.getSingleton(DefaultSingletonBeanRegistry.java:373) ~[spring-beans-6.2.10.jar:6.2.10]
	at org.springframework.beans.factory.support.AbstractBeanFactory.doGetBean(AbstractBeanFactory.java:337) ~[spring-beans-6.2.10.jar:6.2.10]
	at org.springframework.beans.factory.support.AbstractBeanFactory.getBean(AbstractBeanFactory.java:207) ~[spring-beans-6.2.10.jar:6.2.10]
	at org.springframework.context.support.AbstractApplicationContext.finishBeanFactoryInitialization(AbstractApplicationContext.java:970) ~[spring-context-6.2.10.jar:6.2.10]
	at org.springframework.context.support.AbstractApplicationContext.refresh(AbstractApplicationContext.java:627) ~[spring-context-6.2.10.jar:6.2.10]
	at org.springframework.boot.web.servlet.context.ServletWebServerApplicationContext.refresh(ServletWebServerApplicationContext.java:146) ~[spring-boot-3.5.5.jar:3.5.5]
	at org.springframework.boot.SpringApplication.refresh(SpringApplication.java:752) ~[spring-boot-3.5.5.jar:3.5.5]
	at org.springframework.boot.SpringApplication.refreshContext(SpringApplication.java:439) ~[spring-boot-3.5.5.jar:3.5.5]
	at org.springframework.boot.SpringApplication.run(SpringApplication.java:318) ~[spring-boot-3.5.5.jar:3.5.5]
	at org.springframework.boot.SpringApplication.run(SpringApplication.java:1361) ~[spring-boot-3.5.5.jar:3.5.5]
	at org.springframework.boot.SpringApplication.run(SpringApplication.java:1350) ~[spring-boot-3.5.5.jar:3.5.5]
	at medicalcenter.userservice.UserServiceApplication.main(UserServiceApplication.java:10) ~[classes/:na]
Caused by: jakarta.persistence.PersistenceException: Unable to build Hibernate SessionFactory  [persistence unit: default] ; nested exception is org.hibernate.exception.AuthException: Unable to open JDBC Connection for DDL execution [FATAL: password authentication failed for user "postgres"] [n/a]
	at org.springframework.orm.jpa.AbstractEntityManagerFactoryBean.buildNativeEntityManagerFactory(AbstractEntityManagerFactoryBean.java:431) ~[spring-orm-6.2.10.jar:6.2.10]
	at org.springframework.orm.jpa.AbstractEntityManagerFactoryBean.afterPropertiesSet(AbstractEntityManagerFactoryBean.java:400) ~[spring-orm-6.2.10.jar:6.2.10]
	at org.springframework.orm.jpa.LocalContainerEntityManagerFactoryBean.afterPropertiesSet(LocalContainerEntityManagerFactoryBean.java:366) ~[spring-orm-6.2.10.jar:6.2.10]
	at org.springframework.beans.factory.support.AbstractAutowireCapableBeanFactory.invokeInitMethods(AbstractAutowireCapableBeanFactory.java:1873) ~[spring-beans-6.2.10.jar:6.2.10]
	at org.springframework.beans.factory.support.AbstractAutowireCapableBeanFactory.initializeBean(AbstractAutowireCapableBeanFactory.java:1822) ~[spring-beans-6.2.10.jar:6.2.10]
	... 15 common frames omitted
Caused by: org.hibernate.exception.AuthException: Unable to open JDBC Connection for DDL execution [FATAL: password authentication failed for user "postgres"] [n/a]
	at org.hibernate.exception.internal.SQLStateConversionDelegate.convert(SQLStateConversionDelegate.java:87) ~[hibernate-core-7.1.1.Final.jar:7.1.1.Final]
	at org.hibernate.exception.internal.StandardSQLExceptionConverter.convert(StandardSQLExceptionConverter.java:34) ~[hibernate-core-7.1.1.Final.jar:7.1.1.Final]
	at org.hibernate.engine.jdbc.spi.SqlExceptionHelper.convert(SqlExceptionHelper.java:115) ~[hibernate-core-7.1.1.Final.jar:7.1.1.Final]
	at org.hibernate.engine.jdbc.spi.SqlExceptionHelper.convert(SqlExceptionHelper.java:101) ~[hibernate-core-7.1.1.Final.jar:7.1.1.Final]
	at org.hibernate.resource.transaction.backend.jdbc.internal.DdlTransactionIsolatorNonJtaImpl.getIsolatedConnection(DdlTransactionIsolatorNonJtaImpl.java:72) ~[hibernate-core-7.1.1.Final.jar:7.1.1.Final]
	at org.hibernate.resource.transaction.backend.jdbc.internal.DdlTransactionIsolatorNonJtaImpl.getIsolatedConnection(DdlTransactionIsolatorNonJtaImpl.java:37) ~[hibernate-core-7.1.1.Final.jar:7.1.1.Final]
	at org.hibernate.tool.schema.internal.exec.ImprovedExtractionContextImpl.getJdbcConnection(ImprovedExtractionContextImpl.java:61) ~[hibernate-core-7.1.1.Final.jar:7.1.1.Final]
	at org.hibernate.tool.schema.extract.spi.ExtractionContext.getQueryResults(ExtractionContext.java:40) ~[hibernate-core-7.1.1.Final.jar:7.1.1.Final]
	at org.hibernate.tool.schema.extract.internal.SequenceInformationExtractorLegacyImpl.extractMetadata(SequenceInformationExtractorLegacyImpl.java:36) ~[hibernate-core-7.1.1.Final.jar:7.1.1.Final]
	at org.hibernate.tool.schema.extract.internal.DatabaseInformationImpl.initializeSequences(DatabaseInformationImpl.java:64) ~[hibernate-core-7.1.1.Final.jar:7.1.1.Final]
	at org.hibernate.tool.schema.extract.internal.DatabaseInformationImpl.<init>(DatabaseInformationImpl.java:58) ~[hibernate-core-7.1.1.Final.jar:7.1.1.Final]
	at org.hibernate.tool.schema.internal.Helper.buildDatabaseInformation(Helper.java:178) ~[hibernate-core-7.1.1.Final.jar:7.1.1.Final]
	at org.hibernate.tool.schema.internal.AbstractSchemaMigrator.doMigration(AbstractSchemaMigrator.java:90) ~[hibernate-core-7.1.1.Final.jar:7.1.1.Final]
	at org.hibernate.tool.schema.spi.SchemaManagementToolCoordinator.performDatabaseAction(SchemaManagementToolCoordinator.java:267) ~[hibernate-core-7.1.1.Final.jar:7.1.1.Final]
	at org.hibernate.tool.schema.spi.SchemaManagementToolCoordinator.lambda$process$5(SchemaManagementToolCoordinator.java:142) ~[hibernate-core-7.1.1.Final.jar:7.1.1.Final]
	at java.base/java.util.HashMap.forEach(HashMap.java:1429) ~[na:na]
	at org.hibernate.tool.schema.spi.SchemaManagementToolCoordinator.process(SchemaManagementToolCoordinator.java:139) ~[hibernate-core-7.1.1.Final.jar:7.1.1.Final]
	at org.hibernate.boot.internal.SessionFactoryObserverForSchemaExport.sessionFactoryCreated(SessionFactoryObserverForSchemaExport.java:35) ~[hibernate-core-7.1.1.Final.jar:7.1.1.Final]
	at org.hibernate.internal.SessionFactoryObserverChain.sessionFactoryCreated(SessionFactoryObserverChain.java:33) ~[hibernate-core-7.1.1.Final.jar:7.1.1.Final]
	at org.hibernate.internal.SessionFactoryImpl.<init>(SessionFactoryImpl.java:350) ~[hibernate-core-7.1.1.Final.jar:7.1.1.Final]
	at org.hibernate.boot.internal.SessionFactoryBuilderImpl.build(SessionFactoryBuilderImpl.java:436) ~[hibernate-core-7.1.1.Final.jar:7.1.1.Final]
	at org.hibernate.jpa.boot.internal.EntityManagerFactoryBuilderImpl.build(EntityManagerFactoryBuilderImpl.java:1459) ~[hibernate-core-7.1.1.Final.jar:7.1.1.Final]
	at org.springframework.orm.jpa.vendor.SpringHibernateJpaPersistenceProvider.createContainerEntityManagerFactory(SpringHibernateJpaPersistenceProvider.java:66) ~[spring-orm-6.2.10.jar:6.2.10]
	at org.springframework.orm.jpa.LocalContainerEntityManagerFactoryBean.createNativeEntityManagerFactory(LocalContainerEntityManagerFactoryBean.java:390) ~[spring-orm-6.2.10.jar:6.2.10]
	at org.springframework.orm.jpa.AbstractEntityManagerFactoryBean.buildNativeEntityManagerFactory(AbstractEntityManagerFactoryBean.java:419) ~[spring-orm-6.2.10.jar:6.2.10]
	... 19 common frames omitted
Caused by: org.postgresql.util.PSQLException: FATAL: password authentication failed for user "postgres"
	at org.postgresql.core.v3.ConnectionFactoryImpl.doAuthentication(ConnectionFactoryImpl.java:777) ~[postgresql-42.7.7.jar:42.7.7]
	at org.postgresql.core.v3.ConnectionFactoryImpl.tryConnect(ConnectionFactoryImpl.java:234) ~[postgresql-42.7.7.jar:42.7.7]
	at org.postgresql.core.v3.ConnectionFactoryImpl.openConnectionImpl(ConnectionFactoryImpl.java:289) ~[postgresql-42.7.7.jar:42.7.7]
	at org.postgresql.core.ConnectionFactory.openConnection(ConnectionFactory.java:57) ~[postgresql-42.7.7.jar:42.7.7]
	at org.postgresql.jdbc.PgConnection.<init>(PgConnection.java:277) ~[postgresql-42.7.7.jar:42.7.7]
	at org.postgresql.Driver.makeConnection(Driver.java:448) ~[postgresql-42.7.7.jar:42.7.7]
	at org.postgresql.Driver.connect(Driver.java:298) ~[postgresql-42.7.7.jar:42.7.7]
	at com.zaxxer.hikari.util.DriverDataSource.getConnection(DriverDataSource.java:144) ~[HikariCP-6.3.2.jar:na]
	at com.zaxxer.hikari.pool.PoolBase.newConnection(PoolBase.java:370) ~[HikariCP-6.3.2.jar:na]
	at com.zaxxer.hikari.pool.PoolBase.newPoolEntry(PoolBase.java:207) ~[HikariCP-6.3.2.jar:na]
	at com.zaxxer.hikari.pool.HikariPool.createPoolEntry(HikariPool.java:488) ~[HikariCP-6.3.2.jar:na]
	at com.zaxxer.hikari.pool.HikariPool.checkFailFast(HikariPool.java:576) ~[HikariCP-6.3.2.jar:na]
	at com.zaxxer.hikari.pool.HikariPool.<init>(HikariPool.java:97) ~[HikariCP-6.3.2.jar:na]
	at com.zaxxer.hikari.HikariDataSource.getConnection(HikariDataSource.java:111) ~[HikariCP-6.3.2.jar:na]
	at org.hibernate.engine.jdbc.connections.internal.DatasourceConnectionProviderImpl.getConnection(DatasourceConnectionProviderImpl.java:138) ~[hibernate-core-7.1.1.Final.jar:7.1.1.Final]
	at org.hibernate.engine.jdbc.env.internal.JdbcEnvironmentInitiator$ConnectionProviderJdbcConnectionAccess.obtainConnection(JdbcEnvironmentInitiator.java:499) ~[hibernate-core-7.1.1.Final.jar:7.1.1.Final]
	at org.hibernate.resource.transaction.backend.jdbc.internal.DdlTransactionIsolatorNonJtaImpl.getIsolatedConnection(DdlTransactionIsolatorNonJtaImpl.java:44) ~[hibernate-core-7.1.1.Final.jar:7.1.1.Final]
	... 39 common frames omitted

2025-10-17T16:22:44.805+03:00  INFO 11556 --- [medical-center-userservice] [main] m.userservice.UserServiceApplication     : Starting UserServiceApplication using Java 22.0.2 with PID 11556 (C:\studying\pt_backend\UserService\target\classes started by voitu in C:\studying\pt_backend)
2025-10-17T16:22:44.809+03:00 DEBUG 11556 --- [medical-center-userservice] [main] m.userservice.UserServiceApplication     : Running with Spring Boot v3.5.5, Spring v6.2.10
2025-10-17T16:22:44.810+03:00  INFO 11556 --- [medical-center-userservice] [main] m.userservice.UserServiceApplication     : The following 1 profile is active: "dev"
2025-10-17T16:22:46.368+03:00  INFO 11556 --- [medical-center-userservice] [main] .s.d.r.c.RepositoryConfigurationDelegate : Bootstrapping Spring Data JPA repositories in DEFAULT mode.
2025-10-17T16:22:46.587+03:00  INFO 11556 --- [medical-center-userservice] [main] .s.d.r.c.RepositoryConfigurationDelegate : Finished Spring Data repository scanning in 204 ms. Found 11 JPA repository interfaces.
2025-10-17T16:22:47.590+03:00  INFO 11556 --- [medical-center-userservice] [main] o.s.b.w.embedded.tomcat.TomcatWebServer  : Tomcat initialized with port 8080 (http)
2025-10-17T16:22:47.675+03:00  INFO 11556 --- [medical-center-userservice] [main] o.apache.catalina.core.StandardService   : Starting service [Tomcat]
2025-10-17T16:22:47.675+03:00  INFO 11556 --- [medical-center-userservice] [main] o.apache.catalina.core.StandardEngine    : Starting Servlet engine: [Apache Tomcat/10.1.44]
2025-10-17T16:22:47.772+03:00  INFO 11556 --- [medical-center-userservice] [main] o.a.c.c.C.[Tomcat].[localhost].[/]       : Initializing Spring embedded WebApplicationContext
2025-10-17T16:22:47.773+03:00  INFO 11556 --- [medical-center-userservice] [main] w.s.c.ServletWebServerApplicationContext : Root WebApplicationContext: initialization completed in 2877 ms
2025-10-17T16:22:48.087+03:00  INFO 11556 --- [medical-center-userservice] [main] o.hibernate.jpa.internal.util.LogHelper  : HHH000204: Processing PersistenceUnitInfo [name: default]
2025-10-17T16:22:48.206+03:00  INFO 11556 --- [medical-center-userservice] [main] org.hibernate.Version                    : HHH000412: Hibernate ORM core version 7.1.1.Final
2025-10-17T16:22:49.174+03:00  INFO 11556 --- [medical-center-userservice] [main] o.s.o.j.p.SpringPersistenceUnitInfo      : No LoadTimeWeaver setup: ignoring JPA class transformer
2025-10-17T16:22:49.252+03:00  INFO 11556 --- [medical-center-userservice] [main] com.zaxxer.hikari.HikariDataSource       : HikariPool-1 - Starting...
2025-10-17T16:22:49.573+03:00  INFO 11556 --- [medical-center-userservice] [main] com.zaxxer.hikari.pool.HikariPool        : HikariPool-1 - Added connection org.postgresql.jdbc.PgConnection@6e9f8160
2025-10-17T16:22:49.577+03:00  INFO 11556 --- [medical-center-userservice] [main] com.zaxxer.hikari.HikariDataSource       : HikariPool-1 - Start completed.
2025-10-17T16:22:49.666+03:00  WARN 11556 --- [medical-center-userservice] [main] org.hibernate.orm.deprecation            : HHH90000025: PostgreSQLDialect does not need to be specified explicitly using 'hibernate.dialect' (remove the property setting and it will be selected by default)
2025-10-17T16:22:49.716+03:00  INFO 11556 --- [medical-center-userservice] [main] org.hibernate.orm.connections.pooling    : HHH10001005: Database info:
	Database JDBC URL [jdbc:postgresql://localhost:5433/medicalcenter]
	Database driver: PostgreSQL JDBC Driver
	Database dialect: PostgreSQLDialect
	Database version: 17.6
	Default catalog/schema: medicalcenter/public
	Autocommit mode: undefined/unknown
	Isolation level: READ_COMMITTED [default READ_COMMITTED]
	JDBC fetch size: none
	Pool: DatasourceConnectionProviderImpl
	Minimum pool size: undefined/unknown
	Maximum pool size: undefined/unknown
2025-10-17T16:22:52.055+03:00  INFO 11556 --- [medical-center-userservice] [main] o.h.e.t.j.p.i.JtaPlatformInitiator       : HHH000489: No JTA platform available (set 'hibernate.transaction.jta.platform' to enable JTA platform integration)
2025-10-17T16:22:53.826+03:00  INFO 11556 --- [medical-center-userservice] [main] j.LocalContainerEntityManagerFactoryBean : Initialized JPA EntityManagerFactory for persistence unit 'default'
2025-10-17T16:22:54.285+03:00  INFO 11556 --- [medical-center-userservice] [main] o.s.d.j.r.query.QueryEnhancerFactory     : Hibernate is in classpath; If applicable, HQL parser will be used.
2025-10-17T16:22:57.014+03:00  WARN 11556 --- [medical-center-userservice] [main] JpaBaseConfiguration$JpaWebConfiguration : spring.jpa.open-in-view is enabled by default. Therefore, database queries may be performed during view rendering. Explicitly configure spring.jpa.open-in-view to disable this warning
2025-10-17T16:22:57.971+03:00  INFO 11556 --- [medical-center-userservice] [main] o.s.b.w.embedded.tomcat.TomcatWebServer  : Tomcat started on port 8080 (http) with context path '/'
2025-10-17T16:22:57.986+03:00  INFO 11556 --- [medical-center-userservice] [main] m.userservice.UserServiceApplication     : Started UserServiceApplication in 14.121 seconds (process running for 15.309)
2025-10-17T16:23:02.918+03:00  INFO 11556 --- [medical-center-userservice] [http-nio-8080-exec-1] o.a.c.c.C.[Tomcat].[localhost].[/]       : Initializing Spring DispatcherServlet 'dispatcherServlet'
2025-10-17T16:23:02.919+03:00  INFO 11556 --- [medical-center-userservice] [http-nio-8080-exec-1] o.s.web.servlet.DispatcherServlet        : Initializing Servlet 'dispatcherServlet'
2025-10-17T16:23:02.923+03:00  INFO 11556 --- [medical-center-userservice] [http-nio-8080-exec-1] o.s.web.servlet.DispatcherServlet        : Completed initialization in 2 ms
2025-10-17T16:23:04.138+03:00 ERROR 11556 --- [medical-center-userservice] [http-nio-8080-exec-9] m.userservice.exception.ApiErrorHandler  : Handler dispatch failed: java.lang.NoSuchMethodError: 'void org.springframework.web.method.ControllerAdviceBean.<init>(java.lang.Object)'
2025-10-17T16:23:15.784+03:00 ERROR 11556 --- [medical-center-userservice] [http-nio-8080-exec-10] m.userservice.exception.ApiErrorHandler  : No static resource swagger-ui.
2025-10-17T16:23:15.927+03:00 ERROR 11556 --- [medical-center-userservice] [http-nio-8080-exec-1] m.userservice.exception.ApiErrorHandler  : No static resource favicon.ico.
2025-10-17T16:23:18.124+03:00 ERROR 11556 --- [medical-center-userservice] [http-nio-8080-exec-2] m.userservice.exception.ApiErrorHandler  : No static resource swagger-ui.
2025-10-17T16:23:58.421+03:00  INFO 11556 --- [medical-center-userservice] [SpringApplicationShutdownHook] o.s.b.w.e.tomcat.GracefulShutdown        : Commencing graceful shutdown. Waiting for active requests to complete
2025-10-17T16:23:58.439+03:00  INFO 11556 --- [medical-center-userservice] [tomcat-shutdown] o.s.b.w.e.tomcat.GracefulShutdown        : Graceful shutdown complete
2025-10-17T16:23:58.448+03:00  INFO 11556 --- [medical-center-userservice] [SpringApplicationShutdownHook] j.LocalContainerEntityManagerFactoryBean : Closing JPA EntityManagerFactory for persistence unit 'default'
2025-10-17T16:23:58.452+03:00  INFO 11556 --- [medical-center-userservice] [SpringApplicationShutdownHook] com.zaxxer.hikari.HikariDataSource       : HikariPool-1 - Shutdown initiated...
2025-10-17T16:23:58.459+03:00  INFO 11556 --- [medical-center-userservice] [SpringApplicationShutdownHook] com.zaxxer.hikari.HikariDataSource       : HikariPool-1 - Shutdown completed.
2025-10-17T16:24:53.622+03:00  INFO 6292 --- [medical-center-userservice] [main] m.userservice.UserServiceApplication     : Starting UserServiceApplication using Java 22.0.2 with PID 6292 (C:\studying\pt_backend\UserService\target\classes started by voitu in C:\studying\pt_backend)
2025-10-17T16:24:53.622+03:00 DEBUG 6292 --- [medical-center-userservice] [main] m.userservice.UserServiceApplication     : Running with Spring Boot v3.5.5, Spring v6.2.10
2025-10-17T16:24:53.622+03:00  INFO 6292 --- [medical-center-userservice] [main] m.userservice.UserServiceApplication     : The following 1 profile is active: "dev"
2025-10-17T16:24:55.224+03:00  INFO 6292 --- [medical-center-userservice] [main] .s.d.r.c.RepositoryConfigurationDelegate : Bootstrapping Spring Data JPA repositories in DEFAULT mode.
2025-10-17T16:24:55.401+03:00  INFO 6292 --- [medical-center-userservice] [main] .s.d.r.c.RepositoryConfigurationDelegate : Finished Spring Data repository scanning in 160 ms. Found 11 JPA repository interfaces.
2025-10-17T16:24:56.253+03:00  INFO 6292 --- [medical-center-userservice] [main] o.s.b.w.embedded.tomcat.TomcatWebServer  : Tomcat initialized with port 8080 (http)
2025-10-17T16:24:56.279+03:00  INFO 6292 --- [medical-center-userservice] [main] o.apache.catalina.core.StandardService   : Starting service [Tomcat]
2025-10-17T16:24:56.279+03:00  INFO 6292 --- [medical-center-userservice] [main] o.apache.catalina.core.StandardEngine    : Starting Servlet engine: [Apache Tomcat/10.1.44]
2025-10-17T16:24:56.375+03:00  INFO 6292 --- [medical-center-userservice] [main] o.a.c.c.C.[Tomcat].[localhost].[/]       : Initializing Spring embedded WebApplicationContext
2025-10-17T16:24:56.376+03:00  INFO 6292 --- [medical-center-userservice] [main] w.s.c.ServletWebServerApplicationContext : Root WebApplicationContext: initialization completed in 2654 ms
2025-10-17T16:24:56.627+03:00  INFO 6292 --- [medical-center-userservice] [main] o.hibernate.jpa.internal.util.LogHelper  : HHH000204: Processing PersistenceUnitInfo [name: default]
2025-10-17T16:24:56.747+03:00  INFO 6292 --- [medical-center-userservice] [main] org.hibernate.Version                    : HHH000412: Hibernate ORM core version 7.1.1.Final
2025-10-17T16:24:57.586+03:00  INFO 6292 --- [medical-center-userservice] [main] o.s.o.j.p.SpringPersistenceUnitInfo      : No LoadTimeWeaver setup: ignoring JPA class transformer
2025-10-17T16:24:57.675+03:00  INFO 6292 --- [medical-center-userservice] [main] com.zaxxer.hikari.HikariDataSource       : HikariPool-1 - Starting...
2025-10-17T16:24:57.922+03:00  INFO 6292 --- [medical-center-userservice] [main] com.zaxxer.hikari.pool.HikariPool        : HikariPool-1 - Added connection org.postgresql.jdbc.PgConnection@6a878778
2025-10-17T16:24:57.926+03:00  INFO 6292 --- [medical-center-userservice] [main] com.zaxxer.hikari.HikariDataSource       : HikariPool-1 - Start completed.
2025-10-17T16:24:57.977+03:00  WARN 6292 --- [medical-center-userservice] [main] org.hibernate.orm.deprecation            : HHH90000025: PostgreSQLDialect does not need to be specified explicitly using 'hibernate.dialect' (remove the property setting and it will be selected by default)
2025-10-17T16:24:58.027+03:00  INFO 6292 --- [medical-center-userservice] [main] org.hibernate.orm.connections.pooling    : HHH10001005: Database info:
	Database JDBC URL [jdbc:postgresql://localhost:5433/medicalcenter]
	Database driver: PostgreSQL JDBC Driver
	Database dialect: PostgreSQLDialect
	Database version: 17.6
	Default catalog/schema: medicalcenter/public
	Autocommit mode: undefined/unknown
	Isolation level: READ_COMMITTED [default READ_COMMITTED]
	JDBC fetch size: none
	Pool: DatasourceConnectionProviderImpl
	Minimum pool size: undefined/unknown
	Maximum pool size: undefined/unknown
2025-10-17T16:24:59.988+03:00  INFO 6292 --- [medical-center-userservice] [main] o.h.e.t.j.p.i.JtaPlatformInitiator       : HHH000489: No JTA platform available (set 'hibernate.transaction.jta.platform' to enable JTA platform integration)
2025-10-17T16:25:01.460+03:00  INFO 6292 --- [medical-center-userservice] [main] j.LocalContainerEntityManagerFactoryBean : Initialized JPA EntityManagerFactory for persistence unit 'default'
2025-10-17T16:25:01.897+03:00  INFO 6292 --- [medical-center-userservice] [main] o.s.d.j.r.query.QueryEnhancerFactory     : Hibernate is in classpath; If applicable, HQL parser will be used.
2025-10-17T16:25:04.588+03:00  WARN 6292 --- [medical-center-userservice] [main] JpaBaseConfiguration$JpaWebConfiguration : spring.jpa.open-in-view is enabled by default. Therefore, database queries may be performed during view rendering. Explicitly configure spring.jpa.open-in-view to disable this warning
2025-10-17T16:25:05.388+03:00  INFO 6292 --- [medical-center-userservice] [main] o.s.b.w.embedded.tomcat.TomcatWebServer  : Tomcat started on port 8080 (http) with context path '/'
2025-10-17T16:25:05.416+03:00  INFO 6292 --- [medical-center-userservice] [main] m.userservice.UserServiceApplication     : Started UserServiceApplication in 13.017 seconds (process running for 14.307)
2025-10-17T16:25:15.047+03:00  INFO 6292 --- [medical-center-userservice] [http-nio-8080-exec-1] o.a.c.c.C.[Tomcat].[localhost].[/]       : Initializing Spring DispatcherServlet 'dispatcherServlet'
2025-10-17T16:25:15.047+03:00  INFO 6292 --- [medical-center-userservice] [http-nio-8080-exec-1] o.s.web.servlet.DispatcherServlet        : Initializing Servlet 'dispatcherServlet'
2025-10-17T16:25:15.051+03:00  INFO 6292 --- [medical-center-userservice] [http-nio-8080-exec-1] o.s.web.servlet.DispatcherServlet        : Completed initialization in 4 ms
2025-10-17T16:25:16.284+03:00 ERROR 6292 --- [medical-center-userservice] [http-nio-8080-exec-4] m.userservice.exception.ApiErrorHandler  : Handler dispatch failed: java.lang.NoSuchMethodError: 'void org.springframework.web.method.ControllerAdviceBean.<init>(java.lang.Object)'
2025-10-17T16:25:34.374+03:00 ERROR 6292 --- [medical-center-userservice] [http-nio-8080-exec-6] m.userservice.exception.ApiErrorHandler  : Handler dispatch failed: java.lang.NoSuchMethodError: 'void org.springframework.web.method.ControllerAdviceBean.<init>(java.lang.Object)'
2025-10-17T16:28:52.561+03:00  INFO 6292 --- [medical-center-userservice] [SpringApplicationShutdownHook] o.s.b.w.e.tomcat.GracefulShutdown        : Commencing graceful shutdown. Waiting for active requests to complete
2025-10-17T16:28:52.582+03:00  INFO 6292 --- [medical-center-userservice] [tomcat-shutdown] o.s.b.w.e.tomcat.GracefulShutdown        : Graceful shutdown complete
2025-10-17T16:28:52.592+03:00  INFO 6292 --- [medical-center-userservice] [SpringApplicationShutdownHook] j.LocalContainerEntityManagerFactoryBean : Closing JPA EntityManagerFactory for persistence unit 'default'
2025-10-17T16:28:52.592+03:00  INFO 6292 --- [medical-center-userservice] [SpringApplicationShutdownHook] com.zaxxer.hikari.HikariDataSource       : HikariPool-1 - Shutdown initiated...
2025-10-17T16:28:52.602+03:00  INFO 6292 --- [medical-center-userservice] [SpringApplicationShutdownHook] com.zaxxer.hikari.HikariDataSource       : HikariPool-1 - Shutdown completed.
2025-10-17T16:32:44.330+03:00  INFO 15560 --- [medical-center-userservice] [main] m.userservice.UserServiceApplication     : Starting UserServiceApplication using Java 22.0.2 with PID 15560 (C:\studying\pt_backend\UserService\target\classes started by voitu in C:\studying\pt_backend)
2025-10-17T16:32:44.333+03:00 DEBUG 15560 --- [medical-center-userservice] [main] m.userservice.UserServiceApplication     : Running with Spring Boot v3.5.5, Spring v6.2.10
2025-10-17T16:32:44.334+03:00  INFO 15560 --- [medical-center-userservice] [main] m.userservice.UserServiceApplication     : The following 1 profile is active: "dev"
2025-10-17T16:32:46.006+03:00  INFO 15560 --- [medical-center-userservice] [main] .s.d.r.c.RepositoryConfigurationDelegate : Bootstrapping Spring Data JPA repositories in DEFAULT mode.
2025-10-17T16:32:46.188+03:00  INFO 15560 --- [medical-center-userservice] [main] .s.d.r.c.RepositoryConfigurationDelegate : Finished Spring Data repository scanning in 165 ms. Found 11 JPA repository interfaces.
2025-10-17T16:32:47.209+03:00  INFO 15560 --- [medical-center-userservice] [main] o.s.b.w.embedded.tomcat.TomcatWebServer  : Tomcat initialized with port 8080 (http)
2025-10-17T16:32:47.236+03:00  INFO 15560 --- [medical-center-userservice] [main] o.apache.catalina.core.StandardService   : Starting service [Tomcat]
2025-10-17T16:32:47.237+03:00  INFO 15560 --- [medical-center-userservice] [main] o.apache.catalina.core.StandardEngine    : Starting Servlet engine: [Apache Tomcat/10.1.44]
2025-10-17T16:32:47.364+03:00  INFO 15560 --- [medical-center-userservice] [main] o.a.c.c.C.[Tomcat].[localhost].[/]       : Initializing Spring embedded WebApplicationContext
2025-10-17T16:32:47.365+03:00  INFO 15560 --- [medical-center-userservice] [main] w.s.c.ServletWebServerApplicationContext : Root WebApplicationContext: initialization completed in 2937 ms
2025-10-17T16:32:47.727+03:00  INFO 15560 --- [medical-center-userservice] [main] o.hibernate.jpa.internal.util.LogHelper  : HHH000204: Processing PersistenceUnitInfo [name: default]
2025-10-17T16:32:47.849+03:00  INFO 15560 --- [medical-center-userservice] [main] org.hibernate.Version                    : HHH000412: Hibernate ORM core version 7.1.1.Final
2025-10-17T16:32:48.896+03:00  INFO 15560 --- [medical-center-userservice] [main] o.s.o.j.p.SpringPersistenceUnitInfo      : No LoadTimeWeaver setup: ignoring JPA class transformer
2025-10-17T16:32:48.966+03:00  INFO 15560 --- [medical-center-userservice] [main] com.zaxxer.hikari.HikariDataSource       : HikariPool-1 - Starting...
2025-10-17T16:32:49.272+03:00  INFO 15560 --- [medical-center-userservice] [main] com.zaxxer.hikari.pool.HikariPool        : HikariPool-1 - Added connection org.postgresql.jdbc.PgConnection@773c7147
2025-10-17T16:32:49.275+03:00  INFO 15560 --- [medical-center-userservice] [main] com.zaxxer.hikari.HikariDataSource       : HikariPool-1 - Start completed.
2025-10-17T16:32:49.362+03:00  WARN 15560 --- [medical-center-userservice] [main] org.hibernate.orm.deprecation            : HHH90000025: PostgreSQLDialect does not need to be specified explicitly using 'hibernate.dialect' (remove the property setting and it will be selected by default)
2025-10-17T16:32:49.411+03:00  INFO 15560 --- [medical-center-userservice] [main] org.hibernate.orm.connections.pooling    : HHH10001005: Database info:
	Database JDBC URL [jdbc:postgresql://localhost:5433/medicalcenter]
	Database driver: PostgreSQL JDBC Driver
	Database dialect: PostgreSQLDialect
	Database version: 17.6
	Default catalog/schema: medicalcenter/public
	Autocommit mode: undefined/unknown
	Isolation level: READ_COMMITTED [default READ_COMMITTED]
	JDBC fetch size: none
	Pool: DatasourceConnectionProviderImpl
	Minimum pool size: undefined/unknown
	Maximum pool size: undefined/unknown
2025-10-17T16:32:51.635+03:00  INFO 15560 --- [medical-center-userservice] [main] o.h.e.t.j.p.i.JtaPlatformInitiator       : HHH000489: No JTA platform available (set 'hibernate.transaction.jta.platform' to enable JTA platform integration)
2025-10-17T16:32:53.445+03:00  INFO 15560 --- [medical-center-userservice] [main] j.LocalContainerEntityManagerFactoryBean : Initialized JPA EntityManagerFactory for persistence unit 'default'
2025-10-17T16:32:53.968+03:00  INFO 15560 --- [medical-center-userservice] [main] o.s.d.j.r.query.QueryEnhancerFactory     : Hibernate is in classpath; If applicable, HQL parser will be used.
2025-10-17T16:32:56.836+03:00  WARN 15560 --- [medical-center-userservice] [main] JpaBaseConfiguration$JpaWebConfiguration : spring.jpa.open-in-view is enabled by default. Therefore, database queries may be performed during view rendering. Explicitly configure spring.jpa.open-in-view to disable this warning
2025-10-17T16:32:57.690+03:00  INFO 15560 --- [medical-center-userservice] [main] o.s.b.w.embedded.tomcat.TomcatWebServer  : Tomcat started on port 8080 (http) with context path '/'
2025-10-17T16:32:57.704+03:00  INFO 15560 --- [medical-center-userservice] [main] m.userservice.UserServiceApplication     : Started UserServiceApplication in 14.346 seconds (process running for 16.732)
2025-10-17T16:33:57.164+03:00  INFO 15560 --- [medical-center-userservice] [http-nio-8080-exec-1] o.a.c.c.C.[Tomcat].[localhost].[/]       : Initializing Spring DispatcherServlet 'dispatcherServlet'
2025-10-17T16:33:57.164+03:00  INFO 15560 --- [medical-center-userservice] [http-nio-8080-exec-1] o.s.web.servlet.DispatcherServlet        : Initializing Servlet 'dispatcherServlet'
2025-10-17T16:33:57.168+03:00  INFO 15560 --- [medical-center-userservice] [http-nio-8080-exec-1] o.s.web.servlet.DispatcherServlet        : Completed initialization in 0 ms
2025-10-17T16:33:58.473+03:00 ERROR 15560 --- [medical-center-userservice] [http-nio-8080-exec-3] m.userservice.exception.ApiErrorHandler  : Handler dispatch failed: java.lang.NoSuchMethodError: 'void org.springframework.web.method.ControllerAdviceBean.<init>(java.lang.Object)'
2025-10-17T16:42:58.587+03:00  INFO 15560 --- [medical-center-userservice] [SpringApplicationShutdownHook] o.s.b.w.e.tomcat.GracefulShutdown        : Commencing graceful shutdown. Waiting for active requests to complete
2025-10-17T16:42:58.612+03:00  INFO 15560 --- [medical-center-userservice] [tomcat-shutdown] o.s.b.w.e.tomcat.GracefulShutdown        : Graceful shutdown complete
2025-10-17T16:42:58.624+03:00  INFO 15560 --- [medical-center-userservice] [SpringApplicationShutdownHook] j.LocalContainerEntityManagerFactoryBean : Closing JPA EntityManagerFactory for persistence unit 'default'
2025-10-17T16:42:58.630+03:00  INFO 15560 --- [medical-center-userservice] [SpringApplicationShutdownHook] com.zaxxer.hikari.HikariDataSource       : HikariPool-1 - Shutdown initiated...
2025-10-17T16:42:58.638+03:00  INFO 15560 --- [medical-center-userservice] [SpringApplicationShutdownHook] com.zaxxer.hikari.HikariDataSource       : HikariPool-1 - Shutdown completed.
2025-10-17T16:44:32.759+03:00  INFO 10016 --- [medical-center-userservice] [main] m.userservice.UserServiceApplication     : Starting UserServiceApplication using Java 22.0.2 with PID 10016 (C:\studying\pt_backend\UserService\target\classes started by voitu in C:\studying\pt_backend)
2025-10-17T16:44:32.762+03:00 DEBUG 10016 --- [medical-center-userservice] [main] m.userservice.UserServiceApplication     : Running with Spring Boot v3.5.5, Spring v6.2.10
2025-10-17T16:44:32.763+03:00  INFO 10016 --- [medical-center-userservice] [main] m.userservice.UserServiceApplication     : The following 1 profile is active: "dev"
2025-10-17T16:44:34.156+03:00  INFO 10016 --- [medical-center-userservice] [main] .s.d.r.c.RepositoryConfigurationDelegate : Bootstrapping Spring Data JPA repositories in DEFAULT mode.
2025-10-17T16:44:34.326+03:00  INFO 10016 --- [medical-center-userservice] [main] .s.d.r.c.RepositoryConfigurationDelegate : Finished Spring Data repository scanning in 155 ms. Found 11 JPA repository interfaces.
2025-10-17T16:44:35.122+03:00  INFO 10016 --- [medical-center-userservice] [main] o.s.b.w.embedded.tomcat.TomcatWebServer  : Tomcat initialized with port 8080 (http)
2025-10-17T16:44:35.145+03:00  INFO 10016 --- [medical-center-userservice] [main] o.apache.catalina.core.StandardService   : Starting service [Tomcat]
2025-10-17T16:44:35.145+03:00  INFO 10016 --- [medical-center-userservice] [main] o.apache.catalina.core.StandardEngine    : Starting Servlet engine: [Apache Tomcat/10.1.44]
2025-10-17T16:44:35.233+03:00  INFO 10016 --- [medical-center-userservice] [main] o.a.c.c.C.[Tomcat].[localhost].[/]       : Initializing Spring embedded WebApplicationContext
2025-10-17T16:44:35.234+03:00  INFO 10016 --- [medical-center-userservice] [main] w.s.c.ServletWebServerApplicationContext : Root WebApplicationContext: initialization completed in 2393 ms
2025-10-17T16:44:35.485+03:00  INFO 10016 --- [medical-center-userservice] [main] o.hibernate.jpa.internal.util.LogHelper  : HHH000204: Processing PersistenceUnitInfo [name: default]
2025-10-17T16:44:35.584+03:00  INFO 10016 --- [medical-center-userservice] [main] org.hibernate.Version                    : HHH000412: Hibernate ORM core version 7.1.1.Final
2025-10-17T16:44:36.334+03:00  INFO 10016 --- [medical-center-userservice] [main] o.s.o.j.p.SpringPersistenceUnitInfo      : No LoadTimeWeaver setup: ignoring JPA class transformer
2025-10-17T16:44:36.405+03:00  INFO 10016 --- [medical-center-userservice] [main] com.zaxxer.hikari.HikariDataSource       : HikariPool-1 - Starting...
2025-10-17T16:44:36.669+03:00  INFO 10016 --- [medical-center-userservice] [main] com.zaxxer.hikari.pool.HikariPool        : HikariPool-1 - Added connection org.postgresql.jdbc.PgConnection@990b86b
2025-10-17T16:44:36.673+03:00  INFO 10016 --- [medical-center-userservice] [main] com.zaxxer.hikari.HikariDataSource       : HikariPool-1 - Start completed.
2025-10-17T16:44:36.727+03:00  WARN 10016 --- [medical-center-userservice] [main] org.hibernate.orm.deprecation            : HHH90000025: PostgreSQLDialect does not need to be specified explicitly using 'hibernate.dialect' (remove the property setting and it will be selected by default)
2025-10-17T16:44:36.769+03:00  INFO 10016 --- [medical-center-userservice] [main] org.hibernate.orm.connections.pooling    : HHH10001005: Database info:
	Database JDBC URL [jdbc:postgresql://localhost:5433/medicalcenter]
	Database driver: PostgreSQL JDBC Driver
	Database dialect: PostgreSQLDialect
	Database version: 17.6
	Default catalog/schema: medicalcenter/public
	Autocommit mode: undefined/unknown
	Isolation level: READ_COMMITTED [default READ_COMMITTED]
	JDBC fetch size: none
	Pool: DatasourceConnectionProviderImpl
	Minimum pool size: undefined/unknown
	Maximum pool size: undefined/unknown
2025-10-17T16:44:38.668+03:00  INFO 10016 --- [medical-center-userservice] [main] o.h.e.t.j.p.i.JtaPlatformInitiator       : HHH000489: No JTA platform available (set 'hibernate.transaction.jta.platform' to enable JTA platform integration)
2025-10-17T16:44:40.275+03:00  INFO 10016 --- [medical-center-userservice] [main] j.LocalContainerEntityManagerFactoryBean : Initialized JPA EntityManagerFactory for persistence unit 'default'
2025-10-17T16:44:40.709+03:00  INFO 10016 --- [medical-center-userservice] [main] o.s.d.j.r.query.QueryEnhancerFactory     : Hibernate is in classpath; If applicable, HQL parser will be used.
2025-10-17T16:44:43.367+03:00  WARN 10016 --- [medical-center-userservice] [main] JpaBaseConfiguration$JpaWebConfiguration : spring.jpa.open-in-view is enabled by default. Therefore, database queries may be performed during view rendering. Explicitly configure spring.jpa.open-in-view to disable this warning
2025-10-17T16:44:44.132+03:00  INFO 10016 --- [medical-center-userservice] [main] o.s.b.w.embedded.tomcat.TomcatWebServer  : Tomcat started on port 8080 (http) with context path '/'
2025-10-17T16:44:44.146+03:00  INFO 10016 --- [medical-center-userservice] [main] m.userservice.UserServiceApplication     : Started UserServiceApplication in 12.222 seconds (process running for 14.541)
2025-10-17T16:44:54.046+03:00  INFO 10016 --- [medical-center-userservice] [http-nio-8080-exec-1] o.a.c.c.C.[Tomcat].[localhost].[/]       : Initializing Spring DispatcherServlet 'dispatcherServlet'
2025-10-17T16:44:54.046+03:00  INFO 10016 --- [medical-center-userservice] [http-nio-8080-exec-1] o.s.web.servlet.DispatcherServlet        : Initializing Servlet 'dispatcherServlet'
2025-10-17T16:44:54.049+03:00  INFO 10016 --- [medical-center-userservice] [http-nio-8080-exec-1] o.s.web.servlet.DispatcherServlet        : Completed initialization in 2 ms
2025-10-17T16:44:55.115+03:00 ERROR 10016 --- [medical-center-userservice] [http-nio-8080-exec-9] m.userservice.exception.ApiErrorHandler  : Handler dispatch failed: java.lang.NoSuchMethodError: 'void org.springframework.web.method.ControllerAdviceBean.<init>(java.lang.Object)'
2025-10-17T16:45:08.034+03:00  INFO 10016 --- [medical-center-userservice] [SpringApplicationShutdownHook] o.s.b.w.e.tomcat.GracefulShutdown        : Commencing graceful shutdown. Waiting for active requests to complete
2025-10-17T16:45:08.052+03:00  INFO 10016 --- [medical-center-userservice] [tomcat-shutdown] o.s.b.w.e.tomcat.GracefulShutdown        : Graceful shutdown complete
2025-10-17T16:45:08.061+03:00  INFO 10016 --- [medical-center-userservice] [SpringApplicationShutdownHook] j.LocalContainerEntityManagerFactoryBean : Closing JPA EntityManagerFactory for persistence unit 'default'
2025-10-17T16:45:08.066+03:00  INFO 10016 --- [medical-center-userservice] [SpringApplicationShutdownHook] com.zaxxer.hikari.HikariDataSource       : HikariPool-1 - Shutdown initiated...
2025-10-17T16:45:08.080+03:00  INFO 10016 --- [medical-center-userservice] [SpringApplicationShutdownHook] com.zaxxer.hikari.HikariDataSource       : HikariPool-1 - Shutdown completed.
2025-10-17T16:53:42.627+03:00  INFO 23208 --- [medical-center-userservice] [main] m.userservice.UserServiceApplication     : Starting UserServiceApplication using Java 22.0.2 with PID 23208 (C:\studying\pt_backend\UserService\target\classes started by voitu in C:\studying\pt_backend)
2025-10-17T16:53:42.631+03:00 DEBUG 23208 --- [medical-center-userservice] [main] m.userservice.UserServiceApplication     : Running with Spring Boot v3.5.5, Spring v6.2.10
2025-10-17T16:53:42.632+03:00  INFO 23208 --- [medical-center-userservice] [main] m.userservice.UserServiceApplication     : The following 1 profile is active: "dev"
2025-10-17T16:53:44.043+03:00  INFO 23208 --- [medical-center-userservice] [main] .s.d.r.c.RepositoryConfigurationDelegate : Bootstrapping Spring Data JPA repositories in DEFAULT mode.
2025-10-17T16:53:44.211+03:00  INFO 23208 --- [medical-center-userservice] [main] .s.d.r.c.RepositoryConfigurationDelegate : Finished Spring Data repository scanning in 155 ms. Found 11 JPA repository interfaces.
2025-10-17T16:53:45.026+03:00  INFO 23208 --- [medical-center-userservice] [main] o.s.b.w.embedded.tomcat.TomcatWebServer  : Tomcat initialized with port 8080 (http)
2025-10-17T16:53:45.049+03:00  INFO 23208 --- [medical-center-userservice] [main] o.apache.catalina.core.StandardService   : Starting service [Tomcat]
2025-10-17T16:53:45.049+03:00  INFO 23208 --- [medical-center-userservice] [main] o.apache.catalina.core.StandardEngine    : Starting Servlet engine: [Apache Tomcat/10.1.44]
2025-10-17T16:53:45.151+03:00  INFO 23208 --- [medical-center-userservice] [main] o.a.c.c.C.[Tomcat].[localhost].[/]       : Initializing Spring embedded WebApplicationContext
2025-10-17T16:53:45.152+03:00  INFO 23208 --- [medical-center-userservice] [main] w.s.c.ServletWebServerApplicationContext : Root WebApplicationContext: initialization completed in 2445 ms
2025-10-17T16:53:45.427+03:00  INFO 23208 --- [medical-center-userservice] [main] o.hibernate.jpa.internal.util.LogHelper  : HHH000204: Processing PersistenceUnitInfo [name: default]
2025-10-17T16:53:45.515+03:00  INFO 23208 --- [medical-center-userservice] [main] org.hibernate.Version                    : HHH000412: Hibernate ORM core version 7.1.1.Final
2025-10-17T16:53:46.295+03:00  INFO 23208 --- [medical-center-userservice] [main] o.s.o.j.p.SpringPersistenceUnitInfo      : No LoadTimeWeaver setup: ignoring JPA class transformer
2025-10-17T16:53:46.351+03:00  INFO 23208 --- [medical-center-userservice] [main] com.zaxxer.hikari.HikariDataSource       : HikariPool-1 - Starting...
2025-10-17T16:53:46.592+03:00  INFO 23208 --- [medical-center-userservice] [main] com.zaxxer.hikari.pool.HikariPool        : HikariPool-1 - Added connection org.postgresql.jdbc.PgConnection@1280bae3
2025-10-17T16:53:46.596+03:00  INFO 23208 --- [medical-center-userservice] [main] com.zaxxer.hikari.HikariDataSource       : HikariPool-1 - Start completed.
2025-10-17T16:53:46.643+03:00  WARN 23208 --- [medical-center-userservice] [main] org.hibernate.orm.deprecation            : HHH90000025: PostgreSQLDialect does not need to be specified explicitly using 'hibernate.dialect' (remove the property setting and it will be selected by default)
2025-10-17T16:53:46.709+03:00  INFO 23208 --- [medical-center-userservice] [main] org.hibernate.orm.connections.pooling    : HHH10001005: Database info:
	Database JDBC URL [jdbc:postgresql://localhost:5433/medicalcenter]
	Database driver: PostgreSQL JDBC Driver
	Database dialect: PostgreSQLDialect
	Database version: 17.6
	Default catalog/schema: medicalcenter/public
	Autocommit mode: undefined/unknown
	Isolation level: READ_COMMITTED [default READ_COMMITTED]
	JDBC fetch size: none
	Pool: DatasourceConnectionProviderImpl
	Minimum pool size: undefined/unknown
	Maximum pool size: undefined/unknown
2025-10-17T16:53:48.826+03:00  INFO 23208 --- [medical-center-userservice] [main] o.h.e.t.j.p.i.JtaPlatformInitiator       : HHH000489: No JTA platform available (set 'hibernate.transaction.jta.platform' to enable JTA platform integration)
2025-10-17T16:53:50.389+03:00  INFO 23208 --- [medical-center-userservice] [main] j.LocalContainerEntityManagerFactoryBean : Initialized JPA EntityManagerFactory for persistence unit 'default'
2025-10-17T16:53:50.820+03:00  INFO 23208 --- [medical-center-userservice] [main] o.s.d.j.r.query.QueryEnhancerFactory     : Hibernate is in classpath; If applicable, HQL parser will be used.
2025-10-17T16:53:53.471+03:00  WARN 23208 --- [medical-center-userservice] [main] JpaBaseConfiguration$JpaWebConfiguration : spring.jpa.open-in-view is enabled by default. Therefore, database queries may be performed during view rendering. Explicitly configure spring.jpa.open-in-view to disable this warning
2025-10-17T16:53:54.303+03:00  INFO 23208 --- [medical-center-userservice] [main] o.s.b.w.embedded.tomcat.TomcatWebServer  : Tomcat started on port 8080 (http) with context path '/'
2025-10-17T16:53:54.319+03:00  INFO 23208 --- [medical-center-userservice] [main] m.userservice.UserServiceApplication     : Started UserServiceApplication in 12.648 seconds (process running for 13.872)
2025-10-17T16:53:59.563+03:00  INFO 23208 --- [medical-center-userservice] [http-nio-8080-exec-1] o.a.c.c.C.[Tomcat].[localhost].[/]       : Initializing Spring DispatcherServlet 'dispatcherServlet'
2025-10-17T16:53:59.563+03:00  INFO 23208 --- [medical-center-userservice] [http-nio-8080-exec-1] o.s.web.servlet.DispatcherServlet        : Initializing Servlet 'dispatcherServlet'
2025-10-17T16:53:59.566+03:00  INFO 23208 --- [medical-center-userservice] [http-nio-8080-exec-1] o.s.web.servlet.DispatcherServlet        : Completed initialization in 2 ms
2025-10-17T16:54:00.686+03:00 ERROR 23208 --- [medical-center-userservice] [http-nio-8080-exec-7] m.userservice.exception.ApiErrorHandler  : Handler dispatch failed: java.lang.NoSuchMethodError: 'void org.springframework.web.method.ControllerAdviceBean.<init>(java.lang.Object)'
2025-10-17T19:07:24.336+03:00  INFO 22648 --- [medical-center-userservice] [main] m.userservice.UserServiceApplication     : Starting UserServiceApplication using Java 22.0.2 with PID 22648 (C:\studying\pt_backend\UserService\target\classes started by voitu in C:\studying\pt_backend)
2025-10-17T19:07:24.338+03:00 DEBUG 22648 --- [medical-center-userservice] [main] m.userservice.UserServiceApplication     : Running with Spring Boot v3.5.5, Spring v6.2.10
2025-10-17T19:07:24.338+03:00  INFO 22648 --- [medical-center-userservice] [main] m.userservice.UserServiceApplication     : The following 1 profile is active: "dev"
2025-10-17T19:07:25.331+03:00  INFO 22648 --- [medical-center-userservice] [main] .s.d.r.c.RepositoryConfigurationDelegate : Bootstrapping Spring Data JPA repositories in DEFAULT mode.
2025-10-17T19:07:25.431+03:00  INFO 22648 --- [medical-center-userservice] [main] .s.d.r.c.RepositoryConfigurationDelegate : Finished Spring Data repository scanning in 89 ms. Found 11 JPA repository interfaces.
2025-10-17T19:07:25.972+03:00  INFO 22648 --- [medical-center-userservice] [main] o.s.b.w.embedded.tomcat.TomcatWebServer  : Tomcat initialized with port 8080 (http)
2025-10-17T19:07:25.988+03:00  INFO 22648 --- [medical-center-userservice] [main] o.apache.catalina.core.StandardService   : Starting service [Tomcat]
2025-10-17T19:07:25.989+03:00  INFO 22648 --- [medical-center-userservice] [main] o.apache.catalina.core.StandardEngine    : Starting Servlet engine: [Apache Tomcat/10.1.44]
2025-10-17T19:07:26.044+03:00  INFO 22648 --- [medical-center-userservice] [main] o.a.c.c.C.[Tomcat].[localhost].[/]       : Initializing Spring embedded WebApplicationContext
2025-10-17T19:07:26.044+03:00  INFO 22648 --- [medical-center-userservice] [main] w.s.c.ServletWebServerApplicationContext : Root WebApplicationContext: initialization completed in 1643 ms
2025-10-17T19:07:26.215+03:00  INFO 22648 --- [medical-center-userservice] [main] o.hibernate.jpa.internal.util.LogHelper  : HHH000204: Processing PersistenceUnitInfo [name: default]
2025-10-17T19:07:26.274+03:00  INFO 22648 --- [medical-center-userservice] [main] org.hibernate.Version                    : HHH000412: Hibernate ORM core version 6.6.26.Final
2025-10-17T19:07:26.308+03:00  INFO 22648 --- [medical-center-userservice] [main] o.h.c.internal.RegionFactoryInitiator    : HHH000026: Second-level cache disabled
2025-10-17T19:07:26.556+03:00  INFO 22648 --- [medical-center-userservice] [main] o.s.o.j.p.SpringPersistenceUnitInfo      : No LoadTimeWeaver setup: ignoring JPA class transformer
2025-10-17T19:07:26.583+03:00  INFO 22648 --- [medical-center-userservice] [main] com.zaxxer.hikari.HikariDataSource       : HikariPool-1 - Starting...
2025-10-17T19:07:26.721+03:00  INFO 22648 --- [medical-center-userservice] [main] com.zaxxer.hikari.pool.HikariPool        : HikariPool-1 - Added connection org.postgresql.jdbc.PgConnection@15914bb5
2025-10-17T19:07:26.723+03:00  INFO 22648 --- [medical-center-userservice] [main] com.zaxxer.hikari.HikariDataSource       : HikariPool-1 - Start completed.
2025-10-17T19:07:26.769+03:00  WARN 22648 --- [medical-center-userservice] [main] org.hibernate.orm.deprecation            : HHH90000025: PostgreSQLDialect does not need to be specified explicitly using 'hibernate.dialect' (remove the property setting and it will be selected by default)
2025-10-17T19:07:26.793+03:00  INFO 22648 --- [medical-center-userservice] [main] org.hibernate.orm.connections.pooling    : HHH10001005: Database info:
	Database JDBC URL [Connecting through datasource 'HikariDataSource (HikariPool-1)']
	Database driver: undefined/unknown
	Database version: 17.6
	Autocommit mode: undefined/unknown
	Isolation level: undefined/unknown
	Minimum pool size: undefined/unknown
	Maximum pool size: undefined/unknown
2025-10-17T19:07:27.810+03:00  INFO 22648 --- [medical-center-userservice] [main] o.h.e.t.j.p.i.JtaPlatformInitiator       : HHH000489: No JTA platform available (set 'hibernate.transaction.jta.platform' to enable JTA platform integration)
2025-10-17T19:07:28.462+03:00  INFO 22648 --- [medical-center-userservice] [main] j.LocalContainerEntityManagerFactoryBean : Initialized JPA EntityManagerFactory for persistence unit 'default'
2025-10-17T19:07:28.663+03:00  INFO 22648 --- [medical-center-userservice] [main] o.s.d.j.r.query.QueryEnhancerFactory     : Hibernate is in classpath; If applicable, HQL parser will be used.
2025-10-17T19:07:29.689+03:00  WARN 22648 --- [medical-center-userservice] [main] JpaBaseConfiguration$JpaWebConfiguration : spring.jpa.open-in-view is enabled by default. Therefore, database queries may be performed during view rendering. Explicitly configure spring.jpa.open-in-view to disable this warning
2025-10-17T19:07:30.066+03:00  INFO 22648 --- [medical-center-userservice] [main] o.s.b.w.embedded.tomcat.TomcatWebServer  : Tomcat started on port 8080 (http) with context path '/'
2025-10-17T19:07:30.076+03:00  INFO 22648 --- [medical-center-userservice] [main] m.userservice.UserServiceApplication     : Started UserServiceApplication in 6.733 seconds (process running for 7.617)
2025-10-17T19:07:35.174+03:00  INFO 22648 --- [medical-center-userservice] [http-nio-8080-exec-1] o.a.c.c.C.[Tomcat].[localhost].[/]       : Initializing Spring DispatcherServlet 'dispatcherServlet'
2025-10-17T19:07:35.175+03:00  INFO 22648 --- [medical-center-userservice] [http-nio-8080-exec-1] o.s.web.servlet.DispatcherServlet        : Initializing Servlet 'dispatcherServlet'
2025-10-17T19:07:35.175+03:00  INFO 22648 --- [medical-center-userservice] [http-nio-8080-exec-1] o.s.web.servlet.DispatcherServlet        : Completed initialization in 0 ms
2025-10-17T19:07:35.688+03:00 ERROR 22648 --- [medical-center-userservice] [http-nio-8080-exec-8] m.userservice.exception.ApiErrorHandler  : Handler dispatch failed: java.lang.NoSuchMethodError: 'void org.springframework.web.method.ControllerAdviceBean.<init>(java.lang.Object)'
2025-10-17T19:07:45.046+03:00 ERROR 22648 --- [medical-center-userservice] [http-nio-8080-exec-2] m.userservice.exception.ApiErrorHandler  : Handler dispatch failed: java.lang.NoSuchMethodError: 'void org.springframework.web.method.ControllerAdviceBean.<init>(java.lang.Object)'
2025-10-17T19:07:50.984+03:00 ERROR 22648 --- [medical-center-userservice] [http-nio-8080-exec-5] m.userservice.exception.ApiErrorHandler  : Handler dispatch failed: java.lang.NoSuchMethodError: 'void org.springframework.web.method.ControllerAdviceBean.<init>(java.lang.Object)'
2025-10-17T19:09:25.219+03:00  INFO 22648 --- [medical-center-userservice] [SpringApplicationShutdownHook] o.s.b.w.e.tomcat.GracefulShutdown        : Commencing graceful shutdown. Waiting for active requests to complete
2025-10-17T19:09:25.233+03:00  INFO 22648 --- [medical-center-userservice] [tomcat-shutdown] o.s.b.w.e.tomcat.GracefulShutdown        : Graceful shutdown complete
2025-10-17T19:09:25.238+03:00  INFO 22648 --- [medical-center-userservice] [SpringApplicationShutdownHook] j.LocalContainerEntityManagerFactoryBean : Closing JPA EntityManagerFactory for persistence unit 'default'
2025-10-17T19:09:25.241+03:00  INFO 22648 --- [medical-center-userservice] [SpringApplicationShutdownHook] com.zaxxer.hikari.HikariDataSource       : HikariPool-1 - Shutdown initiated...
2025-10-17T19:09:25.249+03:00  INFO 22648 --- [medical-center-userservice] [SpringApplicationShutdownHook] com.zaxxer.hikari.HikariDataSource       : HikariPool-1 - Shutdown completed.
2025-10-17T19:11:37.857+03:00  INFO 17044 --- [medical-center-userservice] [main] m.userservice.UserServiceApplication     : Starting UserServiceApplication using Java 22.0.2 with PID 17044 (C:\studying\pt_backend\UserService\target\classes started by voitu in C:\studying\pt_backend)
2025-10-17T19:11:37.859+03:00 DEBUG 17044 --- [medical-center-userservice] [main] m.userservice.UserServiceApplication     : Running with Spring Boot v3.5.5, Spring v6.2.10
2025-10-17T19:11:37.860+03:00  INFO 17044 --- [medical-center-userservice] [main] m.userservice.UserServiceApplication     : The following 1 profile is active: "dev"
2025-10-17T19:11:38.421+03:00  INFO 17044 --- [medical-center-userservice] [main] .s.d.r.c.RepositoryConfigurationDelegate : Bootstrapping Spring Data JPA repositories in DEFAULT mode.
2025-10-17T19:11:38.489+03:00  INFO 17044 --- [medical-center-userservice] [main] .s.d.r.c.RepositoryConfigurationDelegate : Finished Spring Data repository scanning in 62 ms. Found 11 JPA repository interfaces.
2025-10-17T19:11:38.837+03:00  INFO 17044 --- [medical-center-userservice] [main] o.s.b.w.embedded.tomcat.TomcatWebServer  : Tomcat initialized with port 8080 (http)
2025-10-17T19:11:38.847+03:00  INFO 17044 --- [medical-center-userservice] [main] o.apache.catalina.core.StandardService   : Starting service [Tomcat]
2025-10-17T19:11:38.847+03:00  INFO 17044 --- [medical-center-userservice] [main] o.apache.catalina.core.StandardEngine    : Starting Servlet engine: [Apache Tomcat/10.1.44]
2025-10-17T19:11:38.886+03:00  INFO 17044 --- [medical-center-userservice] [main] o.a.c.c.C.[Tomcat].[localhost].[/]       : Initializing Spring embedded WebApplicationContext
2025-10-17T19:11:38.887+03:00  INFO 17044 --- [medical-center-userservice] [main] w.s.c.ServletWebServerApplicationContext : Root WebApplicationContext: initialization completed in 990 ms
2025-10-17T19:11:39.015+03:00  INFO 17044 --- [medical-center-userservice] [main] o.hibernate.jpa.internal.util.LogHelper  : HHH000204: Processing PersistenceUnitInfo [name: default]
2025-10-17T19:11:39.057+03:00  INFO 17044 --- [medical-center-userservice] [main] org.hibernate.Version                    : HHH000412: Hibernate ORM core version 6.6.26.Final
2025-10-17T19:11:39.080+03:00  INFO 17044 --- [medical-center-userservice] [main] o.h.c.internal.RegionFactoryInitiator    : HHH000026: Second-level cache disabled
2025-10-17T19:11:39.281+03:00  INFO 17044 --- [medical-center-userservice] [main] o.s.o.j.p.SpringPersistenceUnitInfo      : No LoadTimeWeaver setup: ignoring JPA class transformer
2025-10-17T19:11:39.305+03:00  INFO 17044 --- [medical-center-userservice] [main] com.zaxxer.hikari.HikariDataSource       : HikariPool-1 - Starting...
2025-10-17T19:11:39.407+03:00  INFO 17044 --- [medical-center-userservice] [main] com.zaxxer.hikari.pool.HikariPool        : HikariPool-1 - Added connection org.postgresql.jdbc.PgConnection@2beee3e8
2025-10-17T19:11:39.409+03:00  INFO 17044 --- [medical-center-userservice] [main] com.zaxxer.hikari.HikariDataSource       : HikariPool-1 - Start completed.
2025-10-17T19:11:39.433+03:00  WARN 17044 --- [medical-center-userservice] [main] org.hibernate.orm.deprecation            : HHH90000025: PostgreSQLDialect does not need to be specified explicitly using 'hibernate.dialect' (remove the property setting and it will be selected by default)
2025-10-17T19:11:39.450+03:00  INFO 17044 --- [medical-center-userservice] [main] org.hibernate.orm.connections.pooling    : HHH10001005: Database info:
	Database JDBC URL [Connecting through datasource 'HikariDataSource (HikariPool-1)']
	Database driver: undefined/unknown
	Database version: 17.6
	Autocommit mode: undefined/unknown
	Isolation level: undefined/unknown
	Minimum pool size: undefined/unknown
	Maximum pool size: undefined/unknown
2025-10-17T19:11:40.268+03:00  INFO 17044 --- [medical-center-userservice] [main] o.h.e.t.j.p.i.JtaPlatformInitiator       : HHH000489: No JTA platform available (set 'hibernate.transaction.jta.platform' to enable JTA platform integration)
2025-10-17T19:11:40.884+03:00  INFO 17044 --- [medical-center-userservice] [main] j.LocalContainerEntityManagerFactoryBean : Initialized JPA EntityManagerFactory for persistence unit 'default'
2025-10-17T19:11:41.053+03:00  INFO 17044 --- [medical-center-userservice] [main] o.s.d.j.r.query.QueryEnhancerFactory     : Hibernate is in classpath; If applicable, HQL parser will be used.
2025-10-17T19:11:42.002+03:00  WARN 17044 --- [medical-center-userservice] [main] JpaBaseConfiguration$JpaWebConfiguration : spring.jpa.open-in-view is enabled by default. Therefore, database queries may be performed during view rendering. Explicitly configure spring.jpa.open-in-view to disable this warning
2025-10-17T19:11:42.316+03:00  INFO 17044 --- [medical-center-userservice] [main] o.s.b.w.embedded.tomcat.TomcatWebServer  : Tomcat started on port 8080 (http) with context path '/'
2025-10-17T19:11:42.323+03:00  INFO 17044 --- [medical-center-userservice] [main] m.userservice.UserServiceApplication     : Started UserServiceApplication in 4.901 seconds (process running for 5.445)
2025-10-17T19:14:43.919+03:00  INFO 17044 --- [medical-center-userservice] [http-nio-8080-exec-1] o.a.c.c.C.[Tomcat].[localhost].[/]       : Initializing Spring DispatcherServlet 'dispatcherServlet'
2025-10-17T19:14:43.919+03:00  INFO 17044 --- [medical-center-userservice] [http-nio-8080-exec-1] o.s.web.servlet.DispatcherServlet        : Initializing Servlet 'dispatcherServlet'
2025-10-17T19:14:43.925+03:00  INFO 17044 --- [medical-center-userservice] [http-nio-8080-exec-1] o.s.web.servlet.DispatcherServlet        : Completed initialization in 6 ms
2025-10-17T19:14:44.784+03:00  INFO 17044 --- [medical-center-userservice] [http-nio-8080-exec-4] o.springdoc.api.AbstractOpenApiResource  : Init duration for springdoc-openapi is: 680 ms
2025-10-17T19:30:07.362+03:00  INFO 17044 --- [medical-center-userservice] [SpringApplicationShutdownHook] o.s.b.w.e.tomcat.GracefulShutdown        : Commencing graceful shutdown. Waiting for active requests to complete
2025-10-17T19:30:07.369+03:00  INFO 17044 --- [medical-center-userservice] [tomcat-shutdown] o.s.b.w.e.tomcat.GracefulShutdown        : Graceful shutdown complete
2025-10-17T19:30:07.372+03:00  INFO 17044 --- [medical-center-userservice] [SpringApplicationShutdownHook] j.LocalContainerEntityManagerFactoryBean : Closing JPA EntityManagerFactory for persistence unit 'default'
2025-10-17T19:30:07.374+03:00  INFO 17044 --- [medical-center-userservice] [SpringApplicationShutdownHook] com.zaxxer.hikari.HikariDataSource       : HikariPool-1 - Shutdown initiated...
2025-10-17T19:30:07.377+03:00  INFO 17044 --- [medical-center-userservice] [SpringApplicationShutdownHook] com.zaxxer.hikari.HikariDataSource       : HikariPool-1 - Shutdown completed.
2025-10-17T19:31:17.066+03:00  INFO 7336 --- [medical-center-userservice] [main] m.userservice.UserServiceApplication     : Starting UserServiceApplication using Java 22.0.2 with PID 7336 (C:\studying\pt_backend\UserService\target\classes started by voitu in C:\studying\pt_backend)
2025-10-17T19:31:17.067+03:00 DEBUG 7336 --- [medical-center-userservice] [main] m.userservice.UserServiceApplication     : Running with Spring Boot v3.5.5, Spring v6.2.10
2025-10-17T19:31:17.068+03:00  INFO 7336 --- [medical-center-userservice] [main] m.userservice.UserServiceApplication     : The following 1 profile is active: "dev"
2025-10-17T19:31:17.642+03:00  INFO 7336 --- [medical-center-userservice] [main] .s.d.r.c.RepositoryConfigurationDelegate : Bootstrapping Spring Data JPA repositories in DEFAULT mode.
2025-10-17T19:31:17.715+03:00  INFO 7336 --- [medical-center-userservice] [main] .s.d.r.c.RepositoryConfigurationDelegate : Finished Spring Data repository scanning in 67 ms. Found 11 JPA repository interfaces.
2025-10-17T19:31:18.083+03:00  INFO 7336 --- [medical-center-userservice] [main] o.s.b.w.embedded.tomcat.TomcatWebServer  : Tomcat initialized with port 8080 (http)
2025-10-17T19:31:18.093+03:00  INFO 7336 --- [medical-center-userservice] [main] o.apache.catalina.core.StandardService   : Starting service [Tomcat]
2025-10-17T19:31:18.093+03:00  INFO 7336 --- [medical-center-userservice] [main] o.apache.catalina.core.StandardEngine    : Starting Servlet engine: [Apache Tomcat/10.1.44]
2025-10-17T19:31:18.133+03:00  INFO 7336 --- [medical-center-userservice] [main] o.a.c.c.C.[Tomcat].[localhost].[/]       : Initializing Spring embedded WebApplicationContext
2025-10-17T19:31:18.133+03:00  INFO 7336 --- [medical-center-userservice] [main] w.s.c.ServletWebServerApplicationContext : Root WebApplicationContext: initialization completed in 1034 ms
2025-10-17T19:31:18.254+03:00  INFO 7336 --- [medical-center-userservice] [main] o.hibernate.jpa.internal.util.LogHelper  : HHH000204: Processing PersistenceUnitInfo [name: default]
2025-10-17T19:31:18.299+03:00  INFO 7336 --- [medical-center-userservice] [main] org.hibernate.Version                    : HHH000412: Hibernate ORM core version 6.6.26.Final
2025-10-17T19:31:18.325+03:00  INFO 7336 --- [medical-center-userservice] [main] o.h.c.internal.RegionFactoryInitiator    : HHH000026: Second-level cache disabled
2025-10-17T19:31:18.558+03:00  INFO 7336 --- [medical-center-userservice] [main] o.s.o.j.p.SpringPersistenceUnitInfo      : No LoadTimeWeaver setup: ignoring JPA class transformer
2025-10-17T19:31:18.586+03:00  INFO 7336 --- [medical-center-userservice] [main] com.zaxxer.hikari.HikariDataSource       : HikariPool-1 - Starting...
2025-10-17T19:31:18.742+03:00  INFO 7336 --- [medical-center-userservice] [main] com.zaxxer.hikari.pool.HikariPool        : HikariPool-1 - Added connection org.postgresql.jdbc.PgConnection@732d078d
2025-10-17T19:31:18.746+03:00  INFO 7336 --- [medical-center-userservice] [main] com.zaxxer.hikari.HikariDataSource       : HikariPool-1 - Start completed.
2025-10-17T19:31:18.795+03:00  WARN 7336 --- [medical-center-userservice] [main] org.hibernate.orm.deprecation            : HHH90000025: PostgreSQLDialect does not need to be specified explicitly using 'hibernate.dialect' (remove the property setting and it will be selected by default)
2025-10-17T19:31:18.816+03:00  INFO 7336 --- [medical-center-userservice] [main] org.hibernate.orm.connections.pooling    : HHH10001005: Database info:
	Database JDBC URL [Connecting through datasource 'HikariDataSource (HikariPool-1)']
	Database driver: undefined/unknown
	Database version: 17.6
	Autocommit mode: undefined/unknown
	Isolation level: undefined/unknown
	Minimum pool size: undefined/unknown
	Maximum pool size: undefined/unknown
2025-10-17T19:31:19.664+03:00  INFO 7336 --- [medical-center-userservice] [main] o.h.e.t.j.p.i.JtaPlatformInitiator       : HHH000489: No JTA platform available (set 'hibernate.transaction.jta.platform' to enable JTA platform integration)
2025-10-17T19:31:20.287+03:00  INFO 7336 --- [medical-center-userservice] [main] j.LocalContainerEntityManagerFactoryBean : Initialized JPA EntityManagerFactory for persistence unit 'default'
2025-10-17T19:31:20.461+03:00  INFO 7336 --- [medical-center-userservice] [main] o.s.d.j.r.query.QueryEnhancerFactory     : Hibernate is in classpath; If applicable, HQL parser will be used.
2025-10-17T19:31:21.417+03:00  WARN 7336 --- [medical-center-userservice] [main] JpaBaseConfiguration$JpaWebConfiguration : spring.jpa.open-in-view is enabled by default. Therefore, database queries may be performed during view rendering. Explicitly configure spring.jpa.open-in-view to disable this warning
2025-10-17T19:31:21.751+03:00  INFO 7336 --- [medical-center-userservice] [main] o.s.b.w.embedded.tomcat.TomcatWebServer  : Tomcat started on port 8080 (http) with context path '/'
2025-10-17T19:31:21.757+03:00  INFO 7336 --- [medical-center-userservice] [main] m.userservice.UserServiceApplication     : Started UserServiceApplication in 5.033 seconds (process running for 8.717)
2025-10-17T19:31:39.006+03:00  INFO 7336 --- [medical-center-userservice] [http-nio-8080-exec-1] o.a.c.c.C.[Tomcat].[localhost].[/]       : Initializing Spring DispatcherServlet 'dispatcherServlet'
2025-10-17T19:31:39.007+03:00  INFO 7336 --- [medical-center-userservice] [http-nio-8080-exec-1] o.s.web.servlet.DispatcherServlet        : Initializing Servlet 'dispatcherServlet'
2025-10-17T19:31:39.007+03:00  INFO 7336 --- [medical-center-userservice] [http-nio-8080-exec-1] o.s.web.servlet.DispatcherServlet        : Completed initialization in 0 ms
2025-10-17T19:31:39.906+03:00  INFO 7336 --- [medical-center-userservice] [http-nio-8080-exec-9] o.springdoc.api.AbstractOpenApiResource  : Init duration for springdoc-openapi is: 700 ms
2025-10-17T19:31:44.416+03:00 DEBUG 7336 --- [medical-center-userservice] [http-nio-8080-exec-10] m.u.service.impl.DoctorService           : finding doctor with id: dc5c68b7-fb78-4814-96d2-90f9589281a2
2025-10-17T19:34:38.929+03:00 DEBUG 7336 --- [medical-center-userservice] [http-nio-8080-exec-6] m.u.service.impl.PatientService          : finding patient with id: 59869d68-577d-488e-8318-922b5b99caa4
2025-10-17T19:36:40.060+03:00  INFO 7336 --- [medical-center-userservice] [SpringApplicationShutdownHook] o.s.b.w.e.tomcat.GracefulShutdown        : Commencing graceful shutdown. Waiting for active requests to complete
2025-10-17T19:36:40.067+03:00  INFO 7336 --- [medical-center-userservice] [tomcat-shutdown] o.s.b.w.e.tomcat.GracefulShutdown        : Graceful shutdown complete
2025-10-17T19:36:40.070+03:00  INFO 7336 --- [medical-center-userservice] [SpringApplicationShutdownHook] j.LocalContainerEntityManagerFactoryBean : Closing JPA EntityManagerFactory for persistence unit 'default'
2025-10-17T19:36:40.071+03:00  INFO 7336 --- [medical-center-userservice] [SpringApplicationShutdownHook] com.zaxxer.hikari.HikariDataSource       : HikariPool-1 - Shutdown initiated...
2025-10-17T19:36:40.074+03:00  INFO 7336 --- [medical-center-userservice] [SpringApplicationShutdownHook] com.zaxxer.hikari.HikariDataSource       : HikariPool-1 - Shutdown completed.
